[    0.000000] Initializing cgroup subsys cpuset
[    0.0000 Iitliing croupsubys cpu[   .000] Iniaizing cgup subsy cacct   000000] Linux version 4.4.0-43-generic (buildd@lgw01-22) (gcc version 5.4.0 20160609 (Ubuntu 5.4.0-6ubuntu1~16.04.2) ) #63-Ubuntu SMP Wed Oct 12 13:48:03 UTC 2016 (Ubuntu 4.4.0-43.63-generic 4.4.21)
[    0.000000] Command ine:OO_IMAGE=bo/vmlinuz.40-43-generc oot=LABEL=cloim-rootfs o onletty1 nsle=tS0
[    00000] KERNL upord cpus:
[   0.0000]   Intel GenuineIntel
[    0.000000]   AMD AuthenticAMD
[    0.00000]   Centaur CenaurHas
[  000000]x8fpu: tae_fst[2]:  576, xstate_iz[2]:  256
[   .000000] x86/fpu: Supporting XSAVE feature 0x01: 'x87 floating point registers'
[  000000 x8/fpuSuportingXSE feature 0x02: 'SS reisers'
[   0.0000] 6/pu: Supporin XSAVE feature 0x04: 'AVX egisters'[  0.0000 x86/fpu: Enabled xstate features 0x7, context size is 832 bytes, using 'standard' format.
[   .00000x8/f: si 'azy' FPU context switches.
[  0000000] e820: BIOS-provided physical RAM map:
[    0.000000] BIOS-e820: [mem 0x0000000000000000-0x000000000009fbff] usable
[    0.00000BIS-e820:[m 0x00000000fc00-00000000009ffff] reserved
[    0.000000] BIOS-e820: [mem 0x00000000000f0000-0x00000000000fffff] reserved
[    0.00000]IOS-20 [mm 0000000000000-0x000000003ffefff] usbl
[    0.000000] BIOS-e820: [mem 0x000000003fff0000-0x00000003fffffff] ACPIat
[   000000] BIOS-e820: [m 000000fec00000-0x00000000fec00fff] reserved
[  000000] BIOS-e820: [mm 00000000fee0000-0x00000000fee00fffreserved
[  0000000] BIOS-e820: [mem 0x00000000fffc0000-0x00000000ffffffff] reserved
[    0.000000] NX (Exeut Disble) potection: ati
    0.0000 SIO 2.5 pesnt.
[    0.000000] Hypeisor detecte: KV
  0.000] e820: last_pfn = 0x3fff0 max_arch_pfn = 0x400000000
[  0000000] MTRR: Disabled
[    000000] x86/PAT MTRRs disabled, skipping PAT initialization too.
[  0000000] x/PAT: Confiurtion -7: W W  UC- U    WT  UC- UC  
[    0.000000] CPU MTRRs all blank - virtualze system.
[    0.00000] found SMP MP-tblat [me 0009fff0x009ffff] mapped at [ffff88000009fff0]
[    0.000000] Scanning 1 areas for low memory corruption
[  00000RAMDK:[mem 0x36fec000-0x377edfff]
[  000000] ACP: Ear tble cecum vericaion dabed
[    00000] ACPI: RSDP 0x00000000000E0000 000024 (v02 VBOX  )
[    0.000000] ACPI: XSDT 0x000000003FFF0030 00003C (v01 VBOX   VBOXXSDT 00000001 ASL  00000061)
[   0.000]ACPI: FACP 0000000003FFF00F0 0000F4 (v04 VBOX  VOXACP 000000 AL  00000061)
[  0000000ACPIDST 0x000000003FFF0470 00210F (v01 VBOX   VBOXBIOS 00000002 INTL 20100528)
[  000000 ACI: FACS 0x000000003FFF020000040
[    0.0000] ACPI: FACS 0x000000003FFF0200 000040
[   .000] ACPI: APIC 0x000000003FFF0240 00005C (v02 VBOX   VBOXAPIC 00000001 ASL  000061)[   0.000000] ACPI: SSDT 0x000000003FFF02A0 0001CC (v01 VBOX   VBOXCPUT 00000002 INTL 20100528)
[    0.00000 N NUMA configraiofond
[    0.000000] Faking a node at [mem 0x0000000000000000-0x000000003ffeffff]
[  0000000] NODE_DATA() located [mm 0xffb0000xfefff
    0.000000] kvm-clock Uingsr 4b5641 nd 4b564d00
[  000000]kvclock: cp0,msr 0:fe7001, riary cu clock
[    0.000000] kvm-clock: using sched offset of 424406324 cycles
[   .0000]loksource: kvmclock: mask 0xfffffffffffff mx_cyces:0x1cd44dfb, ma_ie_ns: 8815901483 ns
[    0.000000] Zone ranges:
[   0.000]   A     me 00000000000001000-0x0000000000ffffff]
[    0.000000]   DMA32    [mem 0x0000000001000000-0x000000003ffeffff]
[   0.00000]   Normal   empty
[    0.000000] Dvi  mpty
[   000000] Movable zone start for each node
[   0.0000 Elyemory noderages
    .00000]   nod   0 [em 0x0000000001000-000000009eff]
[    0.000000]   node   0: [mem 0x0000000000100000-0x000000003ffeffff]
[   000000] niem setup od 0 [m 00000000000000-0x000003feff
[    0.0000] ACPI: PMTimer I Pt:0x48
[   0.000] IOAPIC[0]: apic_id 2, version 32, address 0xfec00000, GSI 0-23
[   0.000000] ACP INTRCOVR bu 0 bus_ir 0 global_irq 2 dl fl)
    0.000000 ACI:IN_S_OVR (us0 us_iq global_irq 9 high level)
[    0.000000] Using ACPI (MADT) fo S configuratio infmaion
[   0000] pboot: Aloin2 PUs,0 tplugPU
[    0.0000]M:egisteedosavmeory: em0x0000000x0000ff
[    0.00000 P Rgited osveemory: me0x0009f0-x09fff]
[    00000] : Registered nosave memor [em 0x0a000x0effff]
[    0.000000] PM: Registered nosave memory: [mem 0x000f0000-0x00ffff][    .0000] e820: [mem 0x40000000-0xfebfffff] available f P devices
[    0.000000] Booting paravirtualized kernel on KVM[   0.0000 cloksrc: fined-jiffies: mask: 0xffffffff max_cycles: 0xffffffff, max_idle_ns: 7645519600211568 ns
[    0.00000] etuperpu: NR_CPUS:256 nr_cpumask_bits:256 nr_cpu_ids:2 nr_node_ids:1
[   0.0000] PRC: Embeded3 page/c @fff880300000 s9808r8192 d28968 u1048576
[    0.000000] PVqsinlok sh table entries: 256orer: 0,096 bes
[    000000] uit 1 zonelists n de ode mbilitygrping . Tol ges: 257913
[  0000000] Pliy zoe:MA32
[  0.00000] erl commndine: OT_MAGE=/boot/mlnu4.0-43-generic root=BE=cloudimrootfs ro console=tty1 console=ttyS0
[    0.000000] PID hash table entries: 4096 (order: 3, 32768 bytes)
[    0.000000] Memory: 1004436K/1048120K available (8409K kernel code, 1283K rwdata, 3944K rodata, 1480K init, 1292K bss, 43684K reserved, 0K cma-reserved)
[    0.000000] SLUB: HWalign=64, Order=0-3, MinObjects=0, CPUs=2, Nodes=1
[    0.000000] Hierarchical R implemenatn.
[   0.0000] 	Buldtie adjustmentof lafanuto 4.[    0.000000] 	RCU restricting CPUs from NR_CPUS=256 to nr_cpu_ids=2.
[  000000]CU: juti gometry for rcfanout_ea64, nr_puds=2    0.0000]NNR_IR:1640 nr_irqs:440 16
[    0.000000] Console: colour VGA+ 80x25
[    0.000000] coole ty1] nabled
[    0.00000] cnsle [ttyS0] enabled
[  0000000] tsc: Detected 2394.542 MHz processor
[   17.066639] Calibrating delay loop (skipped) preset value.. 4789.08 BogoMIPS (lpj=9578168)
[   17.156522] pid_max: default: 32768 minimum: 301
[   17.239600] ACPI: Core revision 20150930
[   17.246975] ACPI: 2 ACPI AML tables successfully acquired and loaded
[   17.275912] Security Framework initialized
[   17.325624] Yama: becoming mindful.
[   17.373861] AppArmor: AppArmor initialized
[   17.441359] Dentry cache hash table entries: 131072 (order: 8, 1048576 bytes)
[   17.466764] Inode-cache hash table entries: 65536 (order: 7, 524288 bytes)
[   17.488198] Mount-cache hash table entries: 2048 (order: 2, 16384 bytes)
[   17.495398] Mountpoint-cache hash table entries: 2048 (order: 2, 16384 bytes)
[   17.496896] Initializing cgroup subsys io
[   17.508891] Initializing cgroup subsys memory
[   17.598327] Initializing cgroup subsys devices
[   17.639727] Initializing cgroup subsys freezer
[   17.712670] Initializing cgroup subsys net_cls
[   17.782064] Initializing cgroup subsys perf_event
[   17.786292] Initializing cgroup subsys net_prio
[   17.826058] Initializing cgroup subsys hugetlb
[   17.846496] Initializing cgroup subsys pids
[   17.907165] CPU: Physical Processor ID: 0
[   17.926169] CPU: Processor Core ID: 0
[   17.982492] mce: CPU supports 0 MCE banks
[   17.990586] Last level iTLB entries: 4KB 512, 2MB 8, 4MB 8
[   17.997890] Last level dTLB entries: 4KB 512, 2MB 32, 4MB 32, 1GB 0
[   18.056672] Freeing SMP alternatives memory: 32K (ffffffff820b4000 - ffffffff820bc000)
[   18.099506] ftrace: allocating 32007 entries in 126 pages
[   18.186639] smpboot: Max logical packages: 1
[   18.199629] smpboot: APIC(0) Converting physical 0 to logical package 0
[   18.201330] x2apic enabled
[   18.251486] Switched APIC routing to physical x2apic.
[   18.260325] ..TIMER: vector=0x30 apic1=0 pin1=2 apic2=-1 pin2=-1
[   18.473139] smpboot: CPU0: Intel(R) Core(TM) i7-3635QM CPU @ 2.40GHz (family: 0x6, model: 0x3a, stepping: 0x9)
[   18.597693] Performance Events: unsupported p6 CPU model 58 no PMU driver, software events only.
[   18.715955] KVM setup paravirtual spinlock
[   18.756325] x86: Booting SMP configuration:
[   18.834678] .... node  #0, CPUs:      #1
[   18.835690] kvm-clock: cpu 1, msr 0:3ffe7041, secondary cpu clock
[   19.029772] mce: CPU supports 0 MCE banks
[   19.103027] x86: Booted up 1 node, 2 CPUs
[   19.110717] smpboot: Total of 2 processors activated (9578.16 BogoMIPS)
[   19.122149] devtmpfs: initialized
[   19.131699] evm: security.selinux
[   19.141023] evm: security.SMACK64
[   19.163398] evm: security.SMACK64EXEC
[   19.174161] evm: security.SMACK64TRANSMUTE
[   19.202023] evm: security.SMACK64MMAP
[   19.277165] evm: security.ima
[   19.338728] evm: security.capability
[   19.435791] clocksource: jiffies: mask: 0xffffffff max_cycles: 0xffffffff, max_idle_ns: 7645041785100000 ns
[   19.566767] pinctrl core: initialized pinctrl subsystem
[   19.606151] RTC time: 14:35:03, date: 11/03/16
[   19.659953] NET: Registered protocol family 16
[   19.677400] cpuidle: using governor ladder
[   19.733836] cpuidle: using governor menu
[   19.795134] PCCT header not found.
[   19.807108] ACPI: bus type PCI registered
[   19.892985] acpiphp: ACPI Hot Plug PCI Controller Driver version: 0.5
[   20.017844] PCI: Using configuration type 1 for base access
[   20.090761] ACPI: Added _OSI(Module Device)
[   20.176948] ACPI: Added _OSI(Processor Device)
[   20.241325] ACPI: Added _OSI(3.0 _SCP Extensions)
[   20.252738] ACPI: Added _OSI(Processor Aggregator Device)
[   20.286853] ACPI: Executed 1 blocks of module-level executable AML code
[   20.311217] ACPI: Interpreter enabled
[   20.325349] ACPI Exception: AE_NOT_FOUND, While evaluating Sleep State [\_S1_] (20150930/hwxface-580)
[   20.516176] ACPI Exception: AE_NOT_FOUND, While evaluating Sleep State [\_S2_] (20150930/hwxface-580)
[   20.665611] ACPI Exception: AE_NOT_FOUND, While evaluating Sleep State [\_S3_] (20150930/hwxface-580)
[   20.782827] ACPI Exception: AE_NOT_FOUND, While evaluating Sleep State [\_S4_] (20150930/hwxface-580)
[   20.914929] ACPI: (supports S0 S5)
[   20.945181] ACPI: Using IOAPIC for interrupt routing
[   21.041930] PCI: Using host bridge windows from ACPI; if necessary, use "pci=nocrs" and report a bug
[   21.126459] ACPI: PCI Root Bridge [PCI0] (domain 0000 [bus 00-ff])
[   21.237953] acpi PNP0A03:00: _OSC: OS supports [ASPM ClockPM Segments MSI]
[   21.250248] acpi PNP0A03:00: _OSC failed (AE_NOT_FOUND); disabling ASPM
[   21.257057] acpi PNP0A03:00: fail to add MMCONFIG information, can't access extended PCI configuration space under this bridge.
[   21.356538] PCI host bridge to bus 0000:00
[   21.386005] pci_bus 0000:00: root bus resource [io  0x0000-0x0cf7 window]
[   21.457958] pci_bus 0000:00: root bus resource [io  0x0d00-0xffff window]
[   21.583050] pci_bus 0000:00: root bus resource [mem 0x000a0000-0x000bffff window]
[   21.666878] pci_bus 0000:00: root bus resource [mem 0x40000000-0xffdfffff window]
[   21.685992] pci_bus 0000:00: root bus resource [bus 00-ff]
[   21.688959] pci 0000:00:01.1: legacy IDE quirk: reg 0x10: [io  0x01f0-0x01f7]
[   21.873739] pci 0000:00:01.1: legacy IDE quirk: reg 0x14: [io  0x03f6]
[   21.982939] pci 0000:00:01.1: legacy IDE quirk: reg 0x18: [io  0x0170-0x0177]
[   22.016938] pci 0000:00:01.1: legacy IDE quirk: reg 0x1c: [io  0x0376]
[   22.081608] pci 0000:00:07.0: quirk: [io  0x4000-0x403f] claimed by PIIX4 ACPI
[   22.213612] pci 0000:00:07.0: quirk: [io  0x4100-0x410f] claimed by PIIX4 SMB
[   22.372949] ACPI: PCI Interrupt Link [LNKA] (IRQs 5 9 10 *11)
[   22.468234] ACPI: PCI Interrupt Link [LNKB] (IRQs 5 9 10 *11)
[   22.499937] ACPI: PCI Interrupt Link [LNKC] (IRQs 5 9 *10 11)
[   22.543576] ACPI: PCI Interrupt Link [LNKD] (IRQs 5 *9 10 11)
[   22.599147] ACPI: Enabled 2 GPEs in block 00 to 07
[   22.646475] vgaarb: setting as boot device: PCI:0000:00:02.0
[   22.667616] vgaarb: device added: PCI:0000:00:02.0,decodes=io+mem,owns=io+mem,locks=none
[   22.677021] vgaarb: loaded
[   22.696003] vgaarb: bridge control possible 0000:00:02.0
[   22.758427] SCSI subsystem initialized
[   22.813438] ACPI: bus type USB registered
[   22.907808] usbcore: registered new interface driver usbfs
[   22.908949] usbcore: registered new interface driver hub
[   22.986328] usbcore: registered new device driver usb
[   23.017895] PCI: Using ACPI for IRQ routing
[   23.031982] NetLabel: Initializing
[   23.097967] NetLabel:  domain hash size = 128
[   23.111819] NetLabel:  protocols = UNLABELED CIPSOv4
[   23.118504] NetLabel:  unlabeled traffic allowed by default
[   23.127549] amd_nb: Cannot enumerate AMD northbridges
[   23.136564] clocksource: Switched to clocksource kvm-clock
[   23655]ppmo AArorilysemnale
[   237499] p:nPACI it[  2.0749] p: PnP ACPI:ound 3 devices

[   24.310619] clocksource: acpi_pm: mask: 0xffffff max_cycles: 0xffffff, max_idle_ns: 2085701024 ns
[   24.399925] NET: Registered protocol family 2
[   24.466055] TCP established hash table entries: 8192 (order: 4, 65536 bytes)
[   24.582649] TCP bind hash table entries: 8192 (order: 5, 131072 bytes)
[   24.683456] TCP: Hash tables configured (established 8192 bind 8192)
[   24.695012] UDP hash table entries: 512 (order: 2, 16384 bytes)
[   24.714883] UDP-Lite hash table entries: 512 (order: 2, 16384 bytes)
[   24.735555] NET: Registered protocol family 1
[   24.751931] pci 0000:00:00.0: Limiting direct PCI/PCI transfers
[   24.773389] pci 0000:00:01.0: Activating ISA DMA hang workarounds
[   24.780812] Trying to unpack rootfs image as initramfs...
[   26.105565] Freeing initrd memory: 8200K (ffff880036fec000 - ffff8800377ee000)
[   26.228241] RAPL PMU detected, API unit is 2^-32 Joules, 3 fixed counters 10737418240 ms ovfl timer
[   26.273757] hw unit of domain pp0-core 2^-0 Joules
[   26.304315] hw unit of domain package 2^-0 Joules
[   26.315410] hw unit of domain pp1-gpu 2^-0 Joules
[   26.316512] platform rtc_cmos: registered platform RTC device (no PNP device found)
[   26.330474] Scanning for low memory corruption every 60 seconds
[   26.386725] futex hash table entries: 512 (order: 3, 32768 bytes)
[   26.496546] audit: initializing netlink subsys (disabled)
[   26.636612] audit: type=2000 audit(1478183694.537:1): initialized
[   26.663232] Initialise system trusted keyring
[   26.688963] HugeTLB registered 2 MB page size, pre-allocated 0 pages
[   26.709070] zbud: loaded
[   26.723830] VFS: Disk quotas dquot_6.6.0
[   26.764160] VFS: Dquot-cache hash table entries: 512 (order 0, 4096 bytes)
[   26.799328] squashfs: version 4.0 (2009/01/31) Phillip Lougher
[   26.824317] fuse init (API version 7.23)
[   26.845140] Key type big_key registered
[   26.897993] Allocating IMA MOK and blacklist keyrings.
[   26.930573] Key type asymmetric registered
[   26.946807] Asymmetric key parser 'x509' registered
[   26.970182] Block layer SCSI generic (bsg) driver version 0.4 loaded (major 249)
[   27.146380] io scheduler noop registered
[   27.193852] io scheduler deadline registered (default)
[   27.227292] io scheduler cfq registered
[   27.255023] pci_hotplug: PCI Hot Plug PCI Core version: 0.5
[   27.284057] pciehp: PCI Express Hot Plug Controller Driver version: 0.4
[   27.316094] tsc: Refined TSC clocksource calibration: 2392.810 MHz
[   27.316096] clocksource: tsc: mask: 0xffffffffffffffff max_cycles: 0x227daf5020a, max_idle_ns: 440795242854 ns
[   27.753100] ACPI: AC Adapter [AC] (on-line)
[   27.773100] input: Power Button as /devices/LNXSYSTM:00/LNXPWRBN:00/input/input0
[   27.987303] ACPI: Power Button [PWRF]
[   28.018357] input: Sleep Button as /devices/LNXSYSTM:00/LNXSLPBN:00/input/input1
[   28.057759] ACPI: Sleep Button [SLPF]
[   28.070938] GHES: HEST is not enabled!
[   28.072151] ACPI: Battery Slot [BAT0] (battery present)
[   28.093517] Serial: 8250/16550 driver, 32 ports, IRQ sharing enabled
[   28.159199] 00:02: ttyS0 at I/O 0x3f8 (irq = 4, base_baud = 115200) is a 16550A
[   28.520474] Linux agpgart interface v0.103
[   28.705871] brd: module loaded
[   28.818861] loop: module loaded
[   28.982190] scsi host0: ata_piix
[   29.066754] scsi host1: ata_piix
[   29.135862] ata1: PATA max UDMA/33 cmd 0x1f0 ctl 0x3f6 bmdma 0xd000 irq 14
[   29.156050] ata2: PATA max UDMA/33 cmd 0x170 ctl 0x376 bmdma 0xd008 irq 15
[   29.1877 lphy: Fixe MO s:roed

[  9.05] n: Unierl N/P vi diver, 1.
[   30.178 t: C) 1999-204MaKrnysk<mk@almmcom>
[   30.748752] PPP generic driver version 2.4.2
[   30.976689] ehci_hcd: USB 2.0 'Enhanced' Host Controller (EHCI) Driver
[   31.118517] ehci-pci: EHCI PCI platform driver
[   31.226288] ehci-platform: EHCI generic platform driver
[   31.371787] ohci_hcd: USB 1.1 'Open' Host Controller (OHCI) Driver
[   31.387966] ohci-pci: OHCI PCI platform driver
[   31.418895] ohci-platform: OHCI generic platform driver
[   31.436857] uhci_hcd: USB Universal Host Controller Interface driver
[   31.456365] i8042: PNP: PS/2 Controller [PNP0303:PS2K,PNP0f03:PS2M] at 0x60,0x64 irq 1,12
[   31.659632] serio: i8042 KBD port at 0x60,0x64 irq 1
[   31.915085] serio: i8042 AUX port at 0x60,0x64 irq 12
[   32.129417] mousedev: PS/2 mouse device common for all mice
[   32.136995] rtc_cmos rtc_cmos: rtc core: registered rtc_cmos as rtc0
[   32.156734] rtc_cmos rtc_cmos: alarms up to one day, 114 bytes nvram
[   32.176967] i2c /dev entries driver
[   32.346057] input: AT Translated Set 2 keyboard as /devices/platform/i8042/serio0/input/input2
[   32.486425] device-mapper: uevent: version 1.0.3
[   32.496917] device-mapper: ioctl: 4.34.0-ioctl (2015-10-28) initialised: dm-devel@redhat.com
[   32.533981] ledtrig-cpu: registered to indicate activity on CPUs
[   32.547063] NET: Registered protocol family 10
[   32.605997] NET: Registered protocol family 17
[   32.896539] Key type dns_resolver registered
[   33.046737] microcode: CPU0 sig=0x306a9, pf=0x2, revision=0x19
[   33.156756] microcode: CPU1 sig=0x306a9, pf=0x2, revision=0x19
[   33.277252] microcode: Microcode Update Driver: v2.01 <tigran@aivazian.fsnet.co.uk>, Peter Oruba
[   33.326344] registered taskstats version 1
[   33.337103] Loading compiled-in X.509 certificates
[   33.465082] Loaded X.509 cert 'Build time autogenerated kernel key: d76179dc6bbadd817ec29258d181eadabda602cb'
[   33.601264] zswap: loaded using pool lzo/zbud
[   33.615382] Key type trusted registered
[   33.631589] Key type encrypted registered
[   33.667029] AppArmor: AppArmor sha1 policy hashing enabled
[   33.789915] ima: No TPM chip found, activating TPM-bypass!
[   33.904639] evm: HMAC attrs: 0x1
[   33.930045]   Magic number: 8:768:585
[   34.015105] rtc_cmos rtc_cmos: setting system clock to 2016-11-03 14:35:18 UTC (1478183718)
[   34.123665] BIOS EDD facility v0.16 2004-Jun-25, 0 devices found
[   34.214627] EDD information not available.
[   34.231949] Freeing unused kernel memory: 1480K (ffffffff81f42000 - ffffffff820b4000)
[   35.532578] Write protecting the kernel read-only data: 14336k
[   35.547335] Freeing unused kernel memory: 1820K (ffff880001839000 - ffff880001a00000)
[   35.607748] Freeing unused kernel memory: 152K (ffff880001dda000 - ffff880001e00000)
Loading, please wait...
[   35.627624] random: systemd-udevd: uninitialized urandom read (16 bytes read, 5 bits of entropy available)
starting version 229
[   35.628236] random: udevadm: uninitialized urandom read (16 bytes read, 5 bits of entropy available)
[   35.628272] random: udevadm: uninitialized urandom read (16 bytes read, 5 bits of entropy available)
[   35.628391] random: udevadm: uninitialized urandom read (16 bytes read, 5 bits of entropy available)
[   35.628437] random: udevadm: uninitialized urandom read (16 bytes read, 5 bits of entropy available)
[   35.628480] random: udevadm: uninitialized urandom read (16 bytes read, 5 bits of entropy available)
[   35.628526] random: udevadm: uninitialized urandom read (16 bytes read, 5 bits of entropy available)
[   35.628570] random: udevadm: uninitialized urandom read (16 bytes read, 5 bits of entropy available)
[   35.628670] random: udevadm: uninitialized urandom read (16 bytes read, 5 bits of entropy available)
[   35.628717] random: udevadm: uninitialized urandom read (16 bytes read, 5 bits of entropy available)
[   36.619690] e1000: Intel(R) PRO/1000 Network Driver - version 7.3.21-k8-NAPI
[   36.916027] e1000: Copyright (c) 1999-2006 Intel Corporation.
[   36.955358] Fusion MPT base driver 3.04.20
[   36.972476] Copyright (c) 1999-2008 LSI Corporation
[   37.012567] AVX version of gcm_enc/dec engaged.
[   37.036239] Fusion MPT SPI Host driver 3.04.20
[   37.366544] AES CTR mode by8 optimization enabled
[   37.448622] input: ImExPS/2 Generic Explorer Mouse as /devices/platform/i8042/serio1/input/input4
[   37.714036] e1000 0000:00:03.0 eth0: (PCI:33MHz:32-bit) 02:c5:fd:32:ab:30
[   37.735092] e1000 0000:00:03.0 eth0: Intel(R) PRO/1000 Network Connection
[   37.901221] mptbase: ioc0: Initiating bringup
[   38.326201] ioc0: LSI53C1030 A0: Capabilities={Initiator}
[   39.782054] scsi host2: ioc0: LSI53C1030 A0, FwRev=00000000h, Ports=1, MaxQ=256, IRQ=20
[   41.556666] floppy0: no floppy controllers found
[   41.829575] scsi 2:0:0:0: Direct-Access     VBOX     HARDDISK         1.0  PQ: 0 ANSI: 5
[   41.909973] scsi target2:0:0: Beginning Domain Validation
[   41.939972] scsi target2:0:0: Domain Validation skipping write tests
[   42.005255] scsi target2:0:0: Ending Domain Validation
[   42.017617] scsi target2:0:0: asynchronous
[   42.074947] scsi 2:0:1:0: Direct-Access     VBOX     HARDDISK         1.0  PQ: 0 ANSI: 5
[   42.299489] scsi target2:0:1: Beginning Domain Validation
[   42.348751] e1000 0000:00:08.0 eth1: (PCI:33MHz:32-bit) 08:00:27:89:56:07
[   42.348756] e1000 0000:00:08.0 eth1: Intel(R) PRO/1000 Network Connection
[   42.516768] e1000 0000:00:08.0 enp0s8: renamed from eth1
[   42.691697] scsi target2:0:1: Domain Validation skipping write tests
[   42.716768] scsi target2:0:1: Ending Domain Validation
[   42.756204] scsi target2:0:1: asynchronous
[   42.761458] e1000 0000:00:03.0 enp0s3: renamed from eth0
[   42.799547] sd 2:0:0:0: Attached scsi generic sg0 type 0
[   42.800742] sd 2:0:0:0: [sda] 20971520 512-byte logical blocks: (10.7 GB/10.0 GiB)
[   42.801052] sd 2:0:1:0: [sdb] 20480 512-byte logical blocks: (10.5 MB/10.0 MiB)
[   42.801369] sd 2:0:1:0: [sdb] Write Protect is off
[   42.801469] sd 2:0:1:0: [sdb] Incomplete mode parameter data
[   42.801470] sd 2:0:1:0: [sdb] Assuming drive cache: write through
[   43.121612] sd 2:0:1:0: Attached scsi generic sg1 type 0
[   43.123149] sd 2:0:1:0: [sdb] Attached SCSI disk
[   43.657035] sd 2:0:0:0: [sda] Write Protect is off
[   43.946536] sd 2:0:0:0: [sda] Incomplete mode parameter data
[   44.036577] sd 2:0:0:0: [sda] Assuming drive cache: write through
[   44.360283]  sda: sda1
[   44.370597] sd 2:0:0:0: [sda] Attached SCSI disk
Begin: Loading e[   45.918655] md: linear personality registered for level -1
ssential drivers[   45.976509] md: multipath personality registered for level -4
 ... [   45.982328] md: raid0 personality registered for level 0
[   46.121482] md: raid1 personality registered for level 1
[   46.200871] raid6: sse2x1   gen()  8904 MB/s
[   46.494255] raid6: sse2x1   xor()  7229 MB/s
[   46.800883] raid6: sse2x2   gen() 10726 MB/s
[   46.988641] raid6: sse2x2   xor()  6296 MB/s
[   47.213979] raid6: sse2x4   gen() 13668 MB/s
[   47.432875] raid6: sse2x4   xor()  8804 MB/s
[   47.765966] raid6: using algorithm sse2x4 gen() 13668 MB/s
[   48.036450] raid6: .... xor() 8804 MB/s, rmw enabled
[   48.053843] raid6: using ssse3x2 recovery algorithm
[   48.064457] xor: automatically using best checksumming function:
[   48.156729]    avx       : 19186.000 MB/sec
[   48.257570] async_tx: api initialized (async)
[   48.493271] md: raid6 personality registered for level 6
[   48.577499] md: raid5 personality registered for level 5
[   48.881018] md: raid4 personality registered for level 4
[   49.135124] md: raid10 personality registered for level 10
done.
Begin: Running /scripts/init-premount ... done.
Begin: Mounting root file system ... Begin: Running /scripts/local-top ... done[   49.199947] Btrfs loaded
.
Begin: Running /scripts/local-premount ... Scanning for Btrfs filesystems
done.
Warning: fsck not present, so sk[   49.402628] EXT4-fs (sda1): mounted filesystem with ordered data mode. Opts: (null)
ipping root file system
done.
Begin: Running /scripts/local-bottom ... done.
Begin: Running /scripts/init-bottom ... Warning: overlayroot: debug is busted
done.
[   49.873269] systemd[1]: systemd 229 running in system mode. (+PAM +AUDIT +SELINUX +IMA +APPARMOR +SMACK +SYSVINIT +UTMP +LIBCRYPTSETUP +GCRYPT +GNUTLS +ACL +XZ -LZ4 +SECCOMP +BLKID +ELFUTILS +KMOD -IDN)
[   50.263410] systemd[1]: Detected virtualization oracle.
[   50.283422] systemd[1]: Detected architecture x86-64.

Welcome to [1mUbuntu 16.04.1 LTS[0m!

[   50.343210] systemd[1]: Set hostname to <ubuntu>.
[   00.622140] systemd[1]: Initializing machine ID from random generator.
[   50.820392] systemd[1]: Installed transient /etc/machine-id file.
[   51.647852] systemd[1]: Listening on Device-mapper event daemon FIFOs.
[[0;32m  OK  [0m] Listening on Device-mapper event daemon FIFOs.
[   51.821156] systemd[1]: Listening on udev Control Socket.
[[0;32m  OK  [0m] Listening on udev Control Socket.
[   52.017388] systemd[1]: Listening on Journal Audit Socket.
[[0;32m  OK  [0m] Listening on Journal Audit Socket.
[   52.105634] systemd[1]: Listening on Journal Socket.
[[0;32m  OK  [0m] Listening on Journal Socket.
[   52.385337] systemd[1]: Listening on Syslog Socket.
[[0;32m  OK  [0m] Listening on Syslog Socket.
[   52.467628] systemd[1]: Created slice User and Session Slice.
[[0;32m  OK  [0m] Created slice User and Session Slice.
[   52.528941] systemd[1]: Listening on udev Kernel Socket.
[[0;32m  OK  [0m] Listening on udev Kernel Socket.
[   52.713288] systemd[1]: Listening on LVM2 poll daemon socket.
[[0;32m  OK  [0m] Listening on LVM2 poll daemon socket.
[   53.065415] systemd[1]: Created slice System Slice.
[[0;32m  OK  [0m] Created slice System Slice.
[   53.197433] systemd[1]: Starting Set console keymap...
         Starting Set console keymap...
[   53.229407] systemd[1]: Starting Create list of required static device nodes for the current kernel...
[   53.247785] random: nonblocking pool is initialized
         Starting Create list of required st... nodes for the current kernel...
[  5.593387] systemd[1]: Created slice system-serial\x2gey.lice

[[0;32m  OK  [0m] Created slice system-serial\x2dgetty.slice.
[   53.889503] systemd[1]: Starting Load Kernel Modules...
         Starting Load Ke[   54.024066] Loading iSCSI transport class v2.0-870.
rnel Modules...[   54.333988] iscsi: registered transport (tcp)

[   54.450714] systemd[1]: Set up automount Arbitrary Executable File Formats File System Automount Point.
[[0;32m  OK  [0m] Set up automount Arbitrary Executab...ats File System Automount Point.
[   54.532967] iscsi: registered transport (iser)
[   54.700785] systemd[1]: Mounting Debug File System...
         Mounting Debug File System...
[   547492 ste[1 Rch tge Eryedoles

[[0;32m  OK  [0m] Reached target Encrypted Volumes.
[ 55333]ysmd]:Reached trg User and Goup am Lkus.
[[0;32m  OK  [0m] Reached target User and Group Name Lookups.
[   56.093257] systemd[1]: Starting Nameserver information manager...
         Starting Nameserver information manager...
[ 5601437] std[: stinondeinctl mpibitNaed Ppe.

[[0;32m  OK  [0m] Listening on /dev/initctl Compatibility Named Pipe.
[   57.033231] systemd[1]: Starting Remount Root and Kernel File Systems...
         [   57.043707] EXT4-fs (sda1): re-mounted. Opts: (null)
Starting Remount Root and Kernel File Systems...
[   57.124923] systemd[1]: Starting Uncomplicated firewall...
         Starting Uncomplicated firewall...
[  5716429] systemd[1]:Rehetaetwa
[[0;32m  OK  [0m] Reached target Swap.
[ 57978]ysmd1]: Reached target Sices.

[[0;32m  OK  [0m] Reached target Slices.
[   58.157291] systemd[1]: Mounting Huge Pages File System...
         Mounting Huge Pages File System...
[ 5806306]ysmd]:isni oLV mtadata daemo ske
[[0;32m  OK  [0m] Listening on LVM2 metadata daemon socket.
[ 58094] systemd[1]: Listening on Journ Socket de/lg)
[[0;32m  OK  [0m] Listening on Journal Socket (/dev/log).
[   59.325254] systemd[1]: Starting Journal Service...
         Starting Journal Service...
[   59.452999] systemd[1]: Started Forward Password Requests to Wall Directory Watch.
[[0;32m  OK  [0m] Started Forward Password Requests to Wall Directory Watch.
[   59.573477] systemd[1]: Starting Monitoring of LVM2 mirrors, snapshots etc. using dmeventd or progress polling...
         Starting Monitoring of LVM2 mirrors... dmeventd or progress polling...
[   59.880889] systemd[1]: Mounting POSIX Message Queue File System...
         Mounting POSIX Message Queue File System...
[   60.24383] systemd[1]:Mont He ges leysm.
[[0;32m  OK  [0m] Mounted Huge Pages File System.
[ 60537]ysmd]: Mounted Deg leSystem.
[[0;32m  OK  [0m] Mounted Debug File System.
[  61.2776]ysted[: und SIMesage Queue Fileysm.
[[0;32m  OK  [0m] Mounted POSIX Message Queue File System.
[ 61965807] systemd[1]: Started Journal Service.
[[0;32m  OK  [0m] Started Journal Service.
[[0;32m  OK  [0m] Started Set console keymap.
[[0;32m  OK  [0m] Started Create list of required sta...ce nodes for the current kernel.
[[0;32m  OK  [0m] Started Load Kernel Modules.
[[0;32m  OK  [0m] Started Remount Root and Kernel File Systems.
[[0;32m  OK  [0m] Started Uncomplicated firewall.
[[0;32m  OK  [0m] Started Nameserver information manager.
[[0;32m  OK  [0m] Started LVM2 metadata daemon.
         Starting udev Coldplug all Devices...
         Starting Load/Save Random Seed...
         Starting Apply Kernel Variables...
         Mounting FUSE Control File System...
         Starting Create Static Device Nodes in /dev...
         Starting Flush Journal to Persistent Storage...
[[0;32m  OK  [0m] Mounted FUSE Control File System.
[[0;32m  OK  [0m] Started Load/Save Random Seed.
[[0;32m  OK  [0m] Started Apply Kernel Variables.
[[0;32m  OK  [0m] Started Create Static Device Nodes in /dev.
[[0;32m  OK  [0m] Started Monitoring of LVM2 mirrors,...ng dmeventd or progress polling.
[[0;32m  OK  [0m] Started udev Coldplug all Devices.
         Starting udev Kernel Device Manager...
[[0;32m  OK  [0m] Started Flush Journal to Persistent Storage.
[[0;32m  OK  [0m] Started udev Kernel Device Manager.
[[0;32m  OK  [0m] Reached target Local File Systems (Pre).
[[0;32m  OK  [0m] Reached target Local File Systems.
         Starting Initial cloud-init job (pre-networking)...
         Starting LSB: AppArmor initialization...
         Starting Tell Plymouth To Write Out Runtime Data...
         Starting Run snappy firstboot setup...
         Starting Set console font and keymap...
         Starting Commit a transient machine-id on disk...
[[0;32m  OK  [0m] Started Dispatch Password Requests to Console Directory Watch.
         Starting Create Volatile Files and Directories...
[[0;32m  OK  [0m] Started Tell Plymouth To Write Out Runtime Data.
[[0;32m  OK  [0m] Started Run snappy firstboot setup.
[[0;32m  OK  [0m] Started Commit a transient machine-id on disk.
[[0;32m  OK  [0m] Started Set console font and keymap.
[[0;32m  OK  [0m] Started Create Volatile Files and Directories.
[[0;32m  OK  [0m] Found device /dev/ttyS0.
[[0;32m  OK  [0m] Listening on Load/Save RF Kill Switch Status /dev/rfkill Watch.
         Starting Update UTMP about System Boot/Shutdown...
[[0;32m  OK  [0m] Reached target System Time Synchronized.
[[0;32m  OK  [0m] Created slice system-getty.slice.
[[0;32m  OK  [0m] Started Update UTMP about System Boot/Shutdown.
[[0;32m  OK  [0m] Started LSB: AppArmor initialization.
[[0;32m  OK  [0m] Reached target System Initialization.
[[0;32m  OK  [0m] Started Daily apt activities.
[[0;32m  OK  [0m] Started Daily Cleanup of Temporary Directories.
[[0;32m  OK  [0m] Listening on UUID daemon activation socket.
         Starting LXD - unix socket.
[[0;32m  OK  [0m] Started Trigger resolvconf update for networkd DNS.
         Starting Socket activation for snappy daemon.
[   42.964113] [cloud-init[0;32m  OK  [0m[521]: ] Cloud-init v. 0.7.8 running 'init-local' at Thu, 03 Nov 2016 14:35:49 +0000. Up 42.63 seconds.Started Timer to automatically refresh installed snaps.

[[0;32m  OK  [0m] Reached target Timers.
[[0;32m  OK  [0m] Listening on ACPID Listen Socket.
[[0;32m  OK  [0m] Started ACPI Events Check.
[[0;32m  OK  [0m] Reached target Paths.
[[0;32m  OK  [0m] Listening on D-Bus System Message Bus Socket.
[[0;32m  OK  [0m] Listening on LXD - unix socket.
[[0;32m  OK  [0m] Listening on Socket activation for snappy daemon.
[[0;32m  OK  [0m] Started Initial cloud-init job (pre-networking).
[[0;32m  OK  [0m] Reached target Network (Pre).
         Starting Raise network interfaces...
[[0;32m  OK  [0m] Reached target Sockets.
[[0;32m  OK  [0m] Reached target Basic System.
[[0;32m  OK  [0m] Started ACPI event daemon.
         Starting LXD - container startup/shutdown...
         Starting Login Service...
[[0;32m  OK  [0m] Started Snappy daemon.
[[0;32m  OK  [0m] Started FUSE filesystem for LXC.
         Starting LSB: MD monitoring daemon...
[[0;32m  OK  [0m] Started Regular background program processing daemon.
[[0;32m  OK  [0m] Started Deferred execution scheduler.
         Starting LSB: Record successful boot for GRUB...
[[0;32m  OK  [0m] Started D-Bus System Message Bus.
         Starting System Logging Service...
         Starting Accounts Service...
[[0;32m  OK  [0m] Started Login Service.
[[0;32m  OK  [0m] Started LSB: MD monitoring daemon.
[[0;32m  OK  [0m] Started LSB: Record successful boot for GRUB.
[[0;32m  OK  [0m] Started System Logging Service.
[[0;32m  OK  [0m] Started LXD - container startup/shutdown.
         Starting Authenticate and Authorize Users to Run Privileged Tasks...
[[0;32m  OK  [0m] Started Authenticate and Authorize Users to Run Privileged Tasks.
[[0;32m  OK  [0m] Started Accounts Service.
[[0;32m  OK  [0m] Started Raise network interfaces.
[[0;32m  OK  [0m] Reached target Network.
         Starting Initial cloud-init job (metadata service crawler)...
[   47.488996] cloud-init[1010]: Cloud-init v. 0.7.8 running 'init' at Thu, 03 Nov 2016 14:35:52 +0000. Up 46.08 seconds.
[[0;32m  OK  [0m] Started Initial cloud-init job (metadata service crawler).
[   47.567708] cloud-init[1010]: ci-info: ++++++++++++++++++++++++++++++++++++++Net device info++++++++++++++++++++++++++++++++++++++
[   47.777285] [cloud-init[0;32m  OK  [0m[1010]: ] ci-info: +--------+-------+----------------------------+---------------+-------+-------------------+Reached target Cloud-config availability.

[[0;32m  OK  [0m] Reached target Network is Online.
[   47.778154] cloud-init[1010]: ci-info: | Device |   Up  |          Address           |      Mask     | Scope |     Hw-Address    |
[   48.035514] cloud-init[1010]:          ci-info: +--------+-------+----------------------------+---------------+-------+-------------------+Starting Pollinate to seed the pseudo random number generator...

[   48.036194] cloud-init[1010]: ci-info: | enp0s3 |  True |         10.0.2.15          | 255.255.255.0 |   .   | 02:c5:fd:32:ab:30 |
[   48.188500]          cloud-initStarting /etc/rc.local Compatibility...[1010]: 
ci-info: | enp0s3 |  True | fe80::c5:fdff:fe32:ab30/64 |       .       |  link | 02:c5:fd:32:ab:30 |
[   48.291218]          cloud-initStarting Apply the settings specified in cloud-config...[1010]: 
ci-info: | enp0s8 | False |             .              |       .       |   .   | 08:00:27:89:56:07 |
[   48.344798] cloud-init[1010]: ci-info: |   lo   |  True |         127.0.0.1          |   255.0.0.0   |   .   |         .         |
         Starting iSCSI initiator daemon (iscsid)...
[[0;32m  OK  [0m] Started /etc/rc.local Compatibility.
[   48.406475] cloud-init[1010]: ci-info: |   lo   |  True |          ::1/128           |       .       |  host |         .         |
[[0;32m  OK  [0m] Started iSCSI initiator daemon (iscsid).
[   48.527089] cloud-init[1010]: ci-info: +--------+-------+----------------------------+---------------+-------+-------------------+
         Starting Login to default iSCSI targets...
[   48.643151] cloud-init[1010]: ci-info: +++++++++++++++++++++++++++Route IPv4 info++++++++++++++++++++++++++++
[   48.718045] cloud-init[1010]: ci-info: +-------+-------------+----------+---------------+-----------+-------+
[[0;32m  OK  [0m] Started Login to default iSCSI targets.
[[0;32m  OK  [0m] Started Pollinate to seed the pseudo random number generator.
[   48.806233] cloud-init[1010]: ci-info: | Route | Destination | Gateway  |    Genmask    | Interface | Flags |
[   49.069975] cloud-init[1010]: ci-info: +-------+-------------+----------+---------------+-----------+-------+
[   49.176888] cloud-init[1010]: ci-info: |   0   |   0.0.0.0   | 10.0.2.2 |    0.0.0.0    |   enp0s3  |   UG  |
[   49.177270] cloud-init[1010]: ci-info: |   1   |   10.0.2.0  | 0.0.0.0  | 255.255.255.0 |   enp0s3  |   U   |
         Starting OpenBSD Secure Shell server...
[[   49.177520] cloud-init[1010]: ci-info: +-------+-------------+----------+---------------+-----------+-------+
[   49.277045] cloud-init[1010]: Generating public/private rsa key pair.
[0;32m  OK  [0m] Reached target Remote File Systems (Pre).
[   49.277156] cloud-init[1010]: Your identification has been saved in /etc/ssh/ssh_host_rsa_key.
[   49.421152] cloud-init[1010]: Your public key has been saved in /etc/ssh/ssh_host_rsa_key.pub.
[[0;32m  OK  [0m] Reached target Remote File Systems.
[   49.421252] cloud-init[1010]: The key fingerprint is:
[   49.796138] cloud-init[1010]: SHA256:7K6A2T/HFfWqHeLFiKZrnIH1efw6sMXd5JxP/WxVdLA root@ubuntu-xenial
[   49.796383] cloud-init[1010]: The key's randomart image is:
         Starting LSB: daemon to balance interrupts for SMP systems...
[   49.796566] cloud-init[1010]: +---[RSA 2048]----+
[   49.968441] cloud-init[1010]: |              .. |
[   49.968787] cloud-init[1010]: |            .  .o|
         Starting LSB: Set the CPU Frequency Scaling governor to "ondemand"...
[   49.968952] cloud-init[1010]: |           . .E..|
         [   50.064852] Starting LSB: automatic crash report generation...cloud-init
[1010]: |      ..  .   o .|
[   50.065146] cloud-init[1010]: |     o .S= = * .o|
[   50.132443] cloud-init[1010]: |   +. ..* O * = +|
[   50.132967] cloud-init[1010]: |  o o. *.B * . +o|
         Starting Permit User Sessions...
[   50.133204] cloud-init[1010]: |     o*.+ + o   =|
[   50.276354] cloud-init[1010]: |     .+=. .o   . |
[   50.276715] cloud-init[1010]: +----[SHA256]-----+
         Starting LSB: VirtualBox Linux Additions...
[   50.276856] cloud-init[1010]: Generating public/private dsa key pair.
[   50.372425] cloud-init[1010]: Your identification has been saved in /etc/ssh/ssh_host_dsa_key.
[   50.372906] cloud-init[1010]: Your public key has been saved in /etc/ssh/ssh_host_dsa_key.pub.
[[0;32m  OK  [0m] Started OpenBSD Secure Shell server.
[   50.373282] cloud-init[1010]: The key fingerprint is:
[   50.564609] cloud-init[1010]: SHA256:5ezwUxe/NW+pl5l40y1kWqEpcyJdxGJK0JRsu43qPMs root@ubuntu-xenial
[   50.564938] cloud-init[1010]: The key's randomart image is:
[[0;32m  OK  [0m] Started Permit User Sessions.
[   50.565095] cloud-init[1010]: +---[DSA 1024]----+
[   50.740684] cloud-init[1010]: |      .=.. .     |
[   50.747517] cloud-init[1010]: |        * o o    |[
[0;32m  OK  [0m] Started LSB: Set the CPU Frequency Scaling governor to "ondemand".
[   50.748339] [cloud-init[0;32m  OK  [0m[1010]: ] |       o +.o  .  |Started LSB: daemon to balance interrupts for SMP systems.

[   50.884095] cloud-init[1010]: |        o+  . .o |
[   50.884583] cloud-init[1010]: |        S=o..o.oo|
         Starting Terminate Plymouth Boot Screen...
[   50.884751] cloud-init[1010]: |        ++*.+.+ *|
[   50.992456] cloud-init[1010]: |       . .+= =.oO|
[   50.992998] cloud-init[1010]: |     oo    ...oOo|
         Starting Hold until boot process finishes up...
[   50.993195] cloud-init[1010]: |     .Eo     .o..|
[   51.180466] cloud-init[1010]: +----[SHA256]-----+
[   51.180880] cloud-init[1010]: Generating public/private ecdsa key pair.
[[0;32m  OK  [0m] Started LSB: automatic crash report generation.
[[   51.181153] cloud-init[1010]: Your identification has been saved in /etc/ssh/ssh_host_ecdsa_key.
[   51.229140] [0;32m  OK  [0mcloud-init] [1010]: Started LSB: VirtualBox Linux Additions.Your public key has been saved in /etc/ssh/ssh_host_ecdsa_key.pub.

[   51.229235] cloud-init[1010]: The key fingerprint is:
[   51.420514] cloud-init[1010]: SHA256:7rBIgv5OOA21DhLMANWH25gV8rtQ+qYJFJBC66fPCPA root@ubuntu-xenial
[   51.421088] cloud-init[1010]: The key's randomart image is:
[[0;32m  OK  [0m] Started Terminate Plymouth Boot Screen.
[   51.421360] cloud-init[1010]: +---[ECDSA 256]---+
[   51.532403] cloud-init[1010]: |*+......         |
[   51.532782] cloud-init[[1010]: [0;32m  OK  [0m|*.. ooo          |] 
Started Hold until boot process finishes up.
[   51.533098] cloud-init[1010]: |o+.. Bo          |
[   51.672344] cloud-init[1010]: |....=o..         |
[   51.672924] cloud-init[1010]: |o+.oo . S        |
         Stopping OpenBSD Secure Shell server...
[   51.673213] cloud-init[1010]: |o+O  o o         |
[[   51.808573] cloud-init[1010]: |o+E+. = .        |
[   51.809122] cloud-init[1010]: |o *+ = +         |
[   51.809269] cloud-init[1010]: | oo=+ . .        |
[   51.809430] cloud-init[1010]: +----[SHA256]-----+
[   51.809603] cloud-init[1010]: Generating public/private ed25519 key pair.
[   51.809760] cloud-init[1010]: Your identification has been saved in /etc/ssh/ssh_host_ed25519_key.
[0;32m  OK  [0m] Started Getty on tty1.
[[   51.980558] cloud-init[1010]: Your public key has been saved in /etc/ssh/ssh_host_ed25519_key.pub.
[   51.981332] cloud-init[1010]: The key fingerprint is:
[0;32m  OK  [0m] Started Serial Getty on ttyS0.
[[   51.981642] cloud-init[1010]: SHA256:C8KIVva9snVYs1K4+PFjfF/KAiVGFiBh0BFeXBfZPGw root@ubuntu-xenial
[   52.113809] cloud-init[1010]: The key's randomart image is:
[   52.114042] cloud-init[1010]: +--[ED25519 256]--+
[   52.114090] cloud-init[1010]: |   .o*=ooo.o*    |
[0;32m  OK  [0m] Reached target Login Prompts.
[   52.114247] cloud-init[1010]: |    o.o. o.. E   |
         [   52.349407] Starting Set console scheme...cloud-init
[1010]: |   o .  o   . .  |
[   52.408491] cloud-init[1010]: | .oo. . .o .     |
[[   52.408936] [0;32m  OK  [0mcloud-init] [1010]: Stopped OpenBSD Secure Shell server.|... o..oS+o      |

[   52.409284] cloud-init[1010]: |.    ...*oo      |
[[   52.536575] cloud-init[1010]: |     o Boo.    . |
[   52.537363] cloud-init[1010]: |      = =+ o. o  |
[0;32m  OK  [0m] Started Set console scheme.
[   52.537575] cloud-init[1010]: |     . ...o o+   |
[   52.640921] cloud-init[1010]: +----[SHA256]-----+
         Starting OpenBSD Secure Shell server...
[[0;32m  OK  [0m] Started OpenBSD Secure Shell server.
[   52.673454] cloud-init[1131]: Generating locales (this might take a while)...
[   52.772740] [cloud-init[0;32m  OK  [0m[1131]: ]   en_US.UTF-8... doneReached target Multi-User System.

[[0;32m  OK  [0m] Reached target Graphical Interface.
[   52.773532] cloud-init[1131]: Generation complete.
         Starting Notify bootloader that boot was successful...
         Starting Update UTMP about System Runlevel Changes...
[[0;32m  OK  [0m] Started Notify bootloader that boot was successful.
[[0;32m  OK  [0m] Started Update UTMP about System Runlevel Changes.
[[0;32m  OK  [0m] Created slice User Slice of ubuntu.
[[0;32m  OK  [0m] Started Session 1 of user ubuntu.
         Starting User Manager for UID 1000...
[[0;32m  OK  [0m] Started User Manager for UID 1000.
[   53.788097] cloud-init[1131]: Cloud-init v. 0.7.8 running 'modules:config' at Thu, 03 Nov 2016 14:35:55 +0000. Up 48.49 seconds.
[[0;32m  OK  [0m] Started Apply the settings specified in cloud-config.
         Starting Execute cloud user/final scripts...
ci-info: no authorized ssh keys fingerprints found for user ubuntu.
<14>Nov  3 14:36:01 ec2: 
<14>Nov  3 14:36:01 ec2: #############################################################
<14>Nov  3 14:36:01 ec2: -----BEGIN SSH HOST KEY FINGERPRINTS-----
<14>Nov  3 14:36:01 ec2: 1024 SHA256:5ezwUxe/NW+pl5l40y1kWqEpcyJdxGJK0JRsu43qPMs root@ubuntu-xenial (DSA)
<14>Nov  3 14:36:01 ec2: 256 SHA256:7rBIgv5OOA21DhLMANWH25gV8rtQ+qYJFJBC66fPCPA root@ubuntu-xenial (ECDSA)
<14>Nov  3 14:36:01 ec2: 256 SHA256:C8KIVva9snVYs1K4+PFjfF/KAiVGFiBh0BFeXBfZPGw root@ubuntu-xenial (ED25519)
<14>Nov  3 14:36:01 ec2: 2048 SHA256:7K6A2T/HFfWqHeLFiKZrnIH1efw6sMXd5JxP/WxVdLA root@ubuntu-xenial (RSA)
<14>Nov  3 14:36:01 ec2: -----END SSH HOST KEY FINGERPRINTS-----
<14>Nov  3 14:36:01 ec2: #############################################################
-----BEGIN SSH HOST KEY KEYS-----
ecdsa-sha2-nistp256 AAAAE2VjZHNhLXNoYTItbmlzdHAyNTYAAAAIbmlzdHAyNTYAAABBBMRvgY3wRKU4UOxs0gEoTPPZOLFtEznDa9iD66Ey7J+rNztlHc1AQiJLlxOP+HPk5Mm7Rn5UnF9uRgDGHIEhT9U= root@ubuntu-xenial
ssh-ed25519 AAAAC3NzaC1lZDI1NTE5AAAAIKQpgnKxVEZ6X1eyYpL0D2G2NCdi9am9yn9/sSN2kNiN root@ubuntu-xenial
ssh-rsa AAAAB3NzaC1yc2EAAAADAQABAAABAQDQ7hGoB21HK9YYpdDhPbUXs6NSRHj/v6GPzGgO5o3vh/BpYBXQ6Nrw5+oAZ/LW4ebtEZHA6lLZa8xWXteMv1Mg7ymybqRptMfRkeVeniEFlvvbqwYqe7Z++wahU6ERTT9Is6xS1YAkTOp7NoX+fcFEjz7mq2yPPMqy6B2rLXh2XORBQBKYhATMMt9EM7qjSdkOw/WxclvT+i6jS/xJemD2fZtPYu91aOjceGXdxSLPJWmySyMtgp8t+Rbepz47h5/4m3NiW3srzNsVopCqN7E+oqwv/7VFUAVYaKBY7qfDJcQ1PMBCF5LkWvUOEXEz/w9gT/W3jvqZDHzvoqmy1ECD root@ubuntu-xenial
-----END SSH HOST KEY KEYS-----
[[0;32m  OK  [0m] Started Session 2 of user ubuntu.
[   55.098150] cloud-init[1373]: Cloud-init v. 0.7.8 running 'modules:final' at Thu, 03 Nov 2016 14:36:00 +0000. Up 54.23 seconds.
[   55.200366] cloud-init[1373]: ci-info: no authorized ssh keys fingerprints found for user ubuntu.
[   55.260449] [cloud-init[0;32m  OK  [0m[1373]: ] Cloud-init v. 0.7.8 finished at Thu, 03 Nov 2016 14:36:01 +0000. Datasource DataSourceNoCloud [seed=/dev/sdb][dsmode=net].  Up 55.08 secondsStarted Execute cloud user/final scripts.

[[0;32m  OK  [0m] Reached target Cloud-init target.

Ubuntu 16.04.1 LTS ubuntu-xenial ttyS0

ubuntu-xenial login: 