[    0.000000] Initializing cgrou sbsyscpse
[   .00000Intialingcgroup subsys cpu[   0.000] Initializig group subsys cuac
    0.00000Linuveion 4.4.0-4-gneric (uid@lg1-2) (gcc vesion 5.4.02060609 (Ubuntu 5.4.0-6ubuntu1~16.04.2) ) #63-Ubuntu SMP Wed Oct 12 13:48:03 UTC 2016 (Ubuntu 4.4.0-43.63-generic 4.4.21)
[    0.00000] Coman line: BOTIME=bot/mlinuz-4.4.0-43-geericro=LABEcludimrotfs ro console=tty1 console=ttyS0
[  000000 KRN sported cpus:
[  0.000]  IelGeinntel
[    0.000000]   AMD AuthenticAMD
[  0.000] Ceaur CeauHauls
[    0.00000] x86fp xste_fset[]:576, xstate_sizes[2]:  256
[   0.00000] x86/fpu: Supporting XSAVE feature 0x01: 'x87 floating point registers'
[  0000000] x86/fpu: upprtng XVEeature 0x2:'SSE registrs'
[   0.00000] x86/fpu: Supporting XSAVE eare 0x04: 'AVX registers'
[   000000] x86/fpu: Enabled xstate features 0x7, context size is 832 bytes, using 'standard' format.
[    0.000000] x86/fpu: Using 'lazy' FPU context switches.
[    0.000000] e820: BIOS-provided physical RAM map:
[    0.000000] BIOS-e820: [mem 0x0000000000000000-0x000000000009fbff] usable
[  0.000000] BIOS-e820: [mem 0x000000000009fc00-0x000000000009ffff] reserved
[  0000000] BIS-e820 [m 0x00000000f000-x0000000000fffff] esved[   0.00000]BIOSe820: [mem 0x00000000100000-0x000000003feffff] usable
[    0.000000] OSe8: em 0x000000003fff000-00000003fffffff] ACPI data
[    0.00000 BOS-e8: me0x0000fe000-x00000fec0ffreseed
[   0.000] BS-e80: [mem 00000000fee00000-0x00000000fee00fff] reserved
[  0.00000] BIOS-e820: [mem 0x00000000fffc0000-0x00000000ffffffff] reserved
[    00000] NX (Execute Disable) protection: active
[  000000]MBOS 2.5 present.
[   00000] Hypervior deteced KVM
   0000] e820: last_pfn = 0x3fff0max_arch_pfn = 0x400000000
[    00000] MTRR: Dsaled    0.0000] x86/PAT: MTRs isabd,skipping PT nitialization too.
[   0.000000] x86/PAT: Configuration [0-]: W    C-C WB W U- UC  
   00000 CPU MTs alblnk - virtualized system.
[    0.000000] found SMP MP-table at [mem 0x0009fff0-0x0009ffff] mapped at [ffff88000009fff0]
[  00000] canng  areafo low memory corruption
[    0.000000] RAMDISK: [mem 0x3fe00-0x377edfff]
[    0.000000] ACPI: Early table checksum verification disabled
[    0.000000] ACPI: RSDP 0x00000000000E0000 000024 (v02 VBOX  )
[    0.000000] ACPI: XSDT 0x000000003FF03 00003(v1 VBOX  OXXSDT 0000000 ASL  000061)
[    0.000000 API FAC 000000003FF00F0 004 04VBOX VOXFAC 00001 ASL  0000061
[   0.00000] CPI: DSDT 0x000000003FFF0470 00210F (v01 VBOX   VBOXBIOS 00000002 INTL 20100528)
[    0.000] ACP: CS 0x000000003FFF0200 0040
[  0.000]CPI: FAS 000000003FFF0000004
[   .00000] PI APIC x0000003FFF0240 00005Cv0VBOX   VBOPIC 00001 ASL  00000061)
[  0.00000] CP: SS 0000000003FFF02A0 01CC (v01 OX  VBOXCPT 000002 NT2010052)[    0.000000] No NUMA configuration found
[  00000] aking a nod a [em 0x000000000-0x000003ffeff]
[    0.000000] NOE_TA(0) allocated [mem 0x3ffeb000-0xfffff]
[    0000000] kvm-clock: Using msrs 4b564d01 and 4b564d00
[    00000 k-clock: pu, msr 0:3ffe7001, primary cpu clock
[   .00000kvclock: usngscedffet of 4268052856 cycles
[    0.000000] clocksource: kvm-ock:mask: 0xfffffffffffff max_cycles: 0x1cd42e4dffb, max_idle_ns: 881590591483 ns
[  0000000] Zone rage
[    0.0000   DMA   [mm 0x0000000000001000-0x0000000000ffffff]
[    0.000000]   DMA3   [me0x0000000100000-0x000000003ffeffff]
[  0000000]  rmal   ety
[  000000] Device   empty
[    0.000000Movable ne start for each node
[   0.0000] ary memory node ranges
[    0.000000]   node   0: [mem 0x0000000000001000-0x000000000009efff]
[    0.000000]   node   0 [mem 0x000000010000x000000003ffeffff]
    0.00000] Intmem setup node 0 [mem 0x0000000000001000-0x000000003ffeffff]
[    0.000000] ACPI: PM-Timr  Port: 040
[    0.000000] IOAPIC[0]: apic_id 2, version 32, address 0xfec00000, GSI 0-23
[   0.0000] ACPI: INT_SR_OR (bus  bs_ir 0loal_irq 2 dfl df)
[    0.000000] ACPI: INT_SRC_OVR bu0 us_irq 9 gobl_irq9 gh level)
[    0.000 Using ACPI(MDT) forSM conigurtioninformaio
    0.00000] mpboot Aowing CPs,0 hotplug CPUs
[    0.000000] PM: Registered navmemory: [em0x0000-0x0000ff
[    0.000000] P: egistered nosave memory: [mem 0x0009f000-0x0009ffff]
[    0.000000] PM: Registered nosave memory: [mem x00a000x00effff]
[   0.00000]PM: Rgistered nosave memory: [mem 0x000f00000x0fffff
   0.000000] e820 [mem 0x40000000xfebfffff] available for PCI devices
[   0.0000 Booinpaaviralzed kernel on KVM
[    0.000000] clocksource: refined-jiffies: mask: 0xffffffff max_cycles: 0xffffffff, max_idle_ns: 7645519600211568 ns
[    0.000000] setup_percpu: NR_CPUS:256 nr_cpumask_bits:256 nr_cpu_ids:2 nr_node_ids:1
[    0.000000] PERCPU: Embedded 33 pages/cpu @ffff88003fc00000 s98008 r8192 d28968 u1048576
[    0.000000] PV qspinlockha tab eries: 26 rder:0,096 bytes)
[    0.000000] Built 1 zonelists in Node order, mobility grouping on.  Total pages: 257913
[   0.00000] Policy zon: DMA32
[  0.00000Kernel command line: BOOT_IMAGE=/boot/vmlinuz-4.4.0-43-generic root=LABEL=cloudimg-rootfs ro console=tty1 console=ttyS0
[  0000000] PD hsh table eries40 (order: 3, 32768 bytes)
[    0000000] Memory:00436K/1048120K available (8409K kernel code, 1283K rwdata, 3944K rodata, 1480K init, 1292K bss, 43684K reserved, 0K cma-reserved)
[    00000SLB: HWalign=64, Order=0-3, MinObjects=0, CPUs=2, Nodes=1
[    0.0000 Hiearicl RCU implementation.
[  0000000] 	Buid-time adjstment of lef fauto 64
[   0.00000] RCU restrcting CPs rom NR_CPUS=256 to nr_cpu_ids=2.
[    0.000000] CUAdusting geometry forcuanoutea=64, nr_cpids=2
[   .00000NR_IRQS:16640 nr_irqs:440 16
[  0.000000] Console: colour VGA+ 80x25
[    0.000000] console ty] abed
[    0.000000] console [ttyS0] enabled
[   .00000] tsc: Detected 2394.542 MHz processor
[   16.484467] Calibrating delay loop (skipped) preset value.. 4789.08 BogoMIPS (lpj=9578168)
[   16.641895] pid_max: default: 32768 minimum: 301
[   16.651319] ACPI: Core revision 20150930
[   16.724792] ACPI: 2 ACPI AML tables successfully acquired and loaded
[   16.832073] Security Framework initialized
[   16.865449] Yama: becoming mindful.
[   16.897989] AppArmor: AppArmor initialized
[   16.928706] Dentry cache hash table entries: 131072 (order: 8, 1048576 bytes)
[   16.938804] Inode-cache hash table entries: 65536 (order: 7, 524288 bytes)
[   16.965632] Mount-cache hash table entries: 2048 (order: 2, 16384 bytes)
[   17.090642] Mountpoint-cache hash table entries: 2048 (order: 2, 16384 bytes)
[   17.112724] Initializing cgroup subsys io
[   17.186305] Initializing cgroup subsys memory
[   17.187770] Initializing cgroup subsys devices
[   17.189243] Initializing cgroup subsys freezer
[   17.190630] Initializing cgroup subsys net_cls
[   17.242878] Initializing cgroup subsys perf_event
[   17.324230] Initializing cgroup subsys net_prio
[   17.345769] Initializing cgroup subsys hugetlb
[   17.392399] Initializing cgroup subsys pids
[   17.393438] CPU: Physical Processor ID: 0
[   17.435089] CPU: Processor Core ID: 0
[   17.502458] mce: CPU supports 0 MCE banks
[   17.514818] Last level iTLB entries: 4KB 512, 2MB 8, 4MB 8
[   17.532738] Last level dTLB entries: 4KB 512, 2MB 32, 4MB 32, 1GB 0
[   17.577513] Freeing SMP alternatives memory: 32K (ffffffff820b4000 - ffffffff820bc000)
[   17.604056] ftrace: allocating 32007 entries in 126 pages
[   17.760681] smpboot: Max logical packages: 1
[   17.861945] smpboot: APIC(0) Converting physical 0 to logical package 0
[   17.993908] x2apic enabled
[   18.035956] Switched APIC routing to physical x2apic.
[   18.113614] ..TIMER: vector=0x30 apic1=0 pin1=2 apic2=-1 pin2=-1
[   18.302472] smpboot: CPU0: Intel(R) Core(TM) i7-3635QM CPU @ 2.40GHz (family: 0x6, model: 0x3a, stepping: 0x9)
[   18.504715] Performance Events: unsupported p6 CPU model 58 no PMU driver, software events only.
[   18.512047] KVM setup paravirtual spinlock
[   18.612912] x86: Booting SMP configuration:
[   18.655877] .... node  #0, CPUs:      #1
[   18.726772] kvm-clock: cpu 1, msr 0:3ffe7041, secondary cpu clock
[   18.774654] mce: CPU supports 0 MCE banks
[   18.786658] x86: Booted up 1 node, 2 CPUs
[   18.843529] smpboot: Total of 2 processors activated (9578.16 BogoMIPS)
[   18.913999] devtmpfs: initialized
[   18.934137] evm: security.selinux
[   18.973603] evm: security.SMACK64
[   19.024201] evm: security.SMACK64EXEC
[   19.088629] evm: security.SMACK64TRANSMUTE
[   19.112255] evm: security.SMACK64MMAP
[   19.132420] evm: security.ima
[   19.187608] evm: security.capability
[   19.252691] clocksource: jiffies: mask: 0xffffffff max_cycles: 0xffffffff, max_idle_ns: 7645041785100000 ns
[   19.338941] pinctrl core: initialized pinctrl subsystem
[   19.444889] RTC time: 12:43:37, date: 11/03/16
[   19.526850] NET: Registered protocol family 16
[   19.628829] cpuidle: using governor ladder
[   19.729395] cpuidle: using governor menu
[   19.809372] PCCT header not found.
[   19.893599] ACPI: bus type PCI registered
[   19.945367] acpiphp: ACPI Hot Plug PCI Controller Driver version: 0.5
[   20.071656] PCI: Using configuration type 1 for base access
[   20.198380] ACPI: Added _OSI(Module Device)
[   20.217292] ACPI: Added _OSI(Processor Device)
[   20.258096] ACPI: Added _OSI(3.0 _SCP Extensions)
[   20.262071] ACPI: Added _OSI(Processor Aggregator Device)
[   20.391249] ACPI: Executed 1 blocks of module-level executable AML code
[   20.467319] ACPI: Interpreter enabled
[   20.484246] ACPI Exception: AE_NOT_FOUND, While evaluating Sleep State [\_S1_] (20150930/hwxface-580)
[   20.578252] ACPI Exception: AE_NOT_FOUND, While evaluating Sleep State [\_S2_] (20150930/hwxface-580)
[   20.580985] ACPI Exception: AE_NOT_FOUND, While evaluating Sleep State [\_S3_] (20150930/hwxface-580)
[   20.711412] ACPI Exception: AE_NOT_FOUND, While evaluating Sleep State [\_S4_] (20150930/hwxface-580)
[   20.786764] ACPI: (supports S0 S5)
[   20.840388] ACPI: Using IOAPIC for interrupt routing
[   20.882318] PCI: Using host bridge windows from ACPI; if necessary, use "pci=nocrs" and report a bug
[   20.949066] ACPI: PCI Root Bridge [PCI0] (domain 0000 [bus 00-ff])
[   21.077409] acpi PNP0A03:00: _OSC: OS supports [ASPM ClockPM Segments MSI]
[   21.143369] acpi PNP0A03:00: _OSC failed (AE_NOT_FOUND); disabling ASPM
[   21.144771] acpi PNP0A03:00: fail to add MMCONFIG information, can't access extended PCI configuration space under this bridge.
[   21.270017] PCI host bridge to bus 0000:00
[   21.292887] pci_bus 0000:00: root bus resource [io  0x0000-0x0cf7 window]
[   21.351130] pci_bus 0000:00: root bus resource [io  0x0d00-0xffff window]
[   21.477363] pci_bus 0000:00: root bus resource [mem 0x000a0000-0x000bffff window]
[   21.537858] pci_bus 0000:00: root bus resource [mem 0x40000000-0xffdfffff window]
[   21.565554] pci_bus 0000:00: root bus resource [bus 00-ff]
[   21.598199] pci 0000:00:01.1: legacy IDE quirk: reg 0x10: [io  0x01f0-0x01f7]
[   21.645081] pci 0000:00:01.1: legacy IDE quirk: reg 0x14: [io  0x03f6]
[   21.814424] pci 0000:00:01.1: legacy IDE quirk: reg 0x18: [io  0x0170-0x0177]
[   21.876090] pci 0000:00:01.1: legacy IDE quirk: reg 0x1c: [io  0x0376]
[   21.967255] pci 0000:00:07.0: quirk: [io  0x4000-0x403f] claimed by PIIX4 ACPI
[   22.129916] pci 0000:00:07.0: quirk: [io  0x4100-0x410f] claimed by PIIX4 SMB
[   22.289986] ACPI: PCI Interrupt Link [LNKA] (IRQs 5 9 10 *11)
[   22.308365] ACPI: PCI Interrupt Link [LNKB] (IRQs 5 9 10 *11)
[   22.329077] ACPI: PCI Interrupt Link [LNKC] (IRQs 5 9 *10 11)
[   22.368937] ACPI: PCI Interrupt Link [LNKD] (IRQs 5 *9 10 11)
[   22.393344] ACPI: Enabled 2 GPEs in block 00 to 07
[   22.394864] vgaarb: setting as boot device: PCI:0000:00:02.0
[   22.413091] vgaarb: device added: PCI:0000:00:02.0,decodes=io+mem,owns=io+mem,locks=none
[   22.492623] vgaarb: loaded
[   22.540904] vgaarb: bridge control possible 0000:00:02.0
[   22.668228] SCSI subsystem initialized
[   22.723346] ACPI: bus type USB registered
[   22.769182] usbcore: registered new interface driver usbfs
[   22.833858] usbcore: registered new interface driver hub
[   22.926019] usbcore: registered new device driver usb
[   22.999245] PCI: Using ACPI for IRQ routing
[   23.061113] NetLabel: Initializing
[   23.104289] NetLabel:  domain hash size = 128
[   23.115142] NetLabel:  protocols = UNLABELED CIPSOv4
[   23.225089] NetLabel:  unlabeled traffic allowed by default
[   23.299310] amd_nb: Cannot enumerate AMD northbridges
[   23.306205] clocksource: Switched to clocksource kvm-clock
[   23.3506]ppmo: AppArorilsyem Ebl
  3.84] p:nPCP it  4.16] p:nPCP fnd 3 devices
[   24.695534] clocksource: acpi_pm: mask: 0xffffff max_cycles: 0xffffff, max_idle_ns: 2085701024 ns
[   24.716462] NET: Registered protocol family 2
[   24.805306] TCP established hash table entries: 8192 (order: 4, 65536 bytes)
[   25.095247] TCP bind hash table entries: 8192 (order: 5, 131072 bytes)
[   25.115614] TCP: Hash tables configured (established 8192 bind 8192)
[   25.216750] UDP hash table entries: 512 (order: 2, 16384 bytes)
[   25.323500] UDP-Lite hash table entries: 512 (order: 2, 16384 bytes)
[   25.394735] NET: Registered protocol family 1
[   25.448882] pci 0000:00:00.0: Limiting direct PCI/PCI transfers
[   25.545681] pci 0000:00:01.0: Activating ISA DMA hang workarounds
[   25.614352] Trying to unpack rootfs image as initramfs...
[   7.82] eein itrmery82K ff806f00 - ff803ee0)[   27.6280 RL MUette A ut s -3Joes3 xe couners074140s flim
  290692 hun odoinp0or 20 ul
[   29.664506] hw unit of domain package 2^-0 Joules
[   29.759864] hw unit of domain pp1-gpu 2^-0 Joules
[   29.784401] platform rtc_cmos: registered platform RTC device (no PNP device found)
[   29921]cani f l morcoruti ery0 cos
[   30.533913] futex hash table entries: 512 (order: 3, 32768 bytes)
[   30.768875] audit: initializing netlink subsys (disabled)
[   30.783877] tsc: Refined TSC clocksource calibration: 2394.535 MHz
[   30.783879] clocksource: tsc: mask: 0xffffffffffffffff max_cycles: 0x22840cf6458, max_idle_ns: 440795292556 ns
[   31.116270] audit: type=2000 audit(1478177012.377:1): initialized
[   31.302018] Initialise system trusted keyring
[   31.312055] HugeTLB registered 2 MB page size, pre-allocated 0 pages
[   31.332763] zbud: loaded
[   31.342018] VFS: Disk quotas dquot_6.6.0
[   31.351711] VFS: Dquot-cache hash table entries: 512 (order 0, 4096 bytes)
[   31.395948] squashfs: version 4.0 (2009/01/31) Phillip Lougher
[   31.505366] fuse init (API version 7.23)
[   31.567161] Key type big_key registered
[   31.671485] Allocating IMA MOK and blacklist keyrings.
[   31.685432] Key type asymmetric registered
[   31.768835] Asymmetric key parser 'x509' registered
[   31.967433] Block layer SCSI generic (bsg) driver version 0.4 loaded (major 249)
[   32.295097] io scheduler noop registered
[   32.406728] io scheduler deadline registered (default)
[   32.420258] io scheduler cfq registered
[   32.435817] pci_hotplug: PCI Hot Plug PCI Core version: 0.5
[   32.453087] pciehp: PCI Express Hot Plug Controller Driver version: 0.4
[   32.555109] ACPI: AC Adapter [AC] (on-line)
[   32.681479] input: Power Button as /devices/LNXSYSTM:00/LNXPWRBN:00/input/input0
[   32.902192] ACPI: Power Button [PWRF]
[   33.094528] input: Sleep Button as /devices/LNXSYSTM:00/LNXSLPBN:00/input/input1
[   33.181146] ACPI: Sleep Button [SLPF]
[   33.345309] GHES: HEST is not enabled!
[   33.346473] ACPI: Battery Slot [BAT0] (battery present)
[   33.495927] Serial: 8250/16550 driver, 32 ports, IRQ sharing enabled
[   33.558165] 00:02: ttyS0 at I/O 0x3f8 (irq = 4, base_baud = 115200) is a 16550A
[   33.579009] Linux agpgart interface v0.103
[   33.607574] brd: module loaded
[   33.694381] loop: module loaded
[   33.806043] scsi host0: ata_piix
[   33.936731] scsi host1: ata_piix
[   34.044956] ata1: PATA max UDMA/33 cmd 0x1f0 ctl 0x3f6 bmdma 0xd000 irq 14
[   34.376801] ata2: PATA max UDMA/33 cmd 0x170 ctl 0x376 bmdma 0xd008 irq 15
[   34.396333] libphy: Fixed MDIO Bus: probed
[   34.537766] tun: Universal TUN/TAP device driver, 1.6
[   34.597546] tun: (C) 1999-2004 Max Krasnyansky <maxk@qualcomm.com>
[   34.652568] PPP generic driver version 2.4.2
[   34.665833] ehci_hcd: USB 2.0 'Enhanced' Host Controller (EHCI) Driver
[   34.691317] ehci-pci: EHCI PCI platform driver
[   34.720428] ehci-platform: EHCI generic platform driver
[   34.762571] ohci_hcd: USB 1.1 'Open' Host Controller (OHCI) Driver
[   35.054570] ohci-pci: OHCI PCI platform driver
[   35.157367] ohci-platform: OHCI generic platform driver
[   35.159552] uhci_hcd: USB Universal Host Controller Interface driver
[   35.385280] i8042: PNP: PS/2 Controller [PNP0303:PS2K,PNP0f03:PS2M] at 0x60,0x64 irq 1,12
[   35.616578] serio: i8042 KBD port at 0x60,0x64 irq 1
[   35.760412] serio: i8042 AUX port at 0x60,0x64 irq 12
[   35.770599] mousedev: PS/2 mouse device common for all mice
[   35.791249] rtc_cmos rtc_cmos: rtc core: registered rtc_cmos as rtc0
[   35.809095] rtc_cmos rtc_cmos: alarms up to one day, 114 bytes nvram
[   35.809174] input: AT Translated Set 2 keyboard as /devices/platform/i8042/serio0/input/input2
[   6.63] c evntesrier
[   36.46559]eve-pp: ueen: versn 0.
[   36.909137] device-mapper: ioctl: 4.34.0-ioctl (2015-10-28) initialised: dm-devel@redhat.com
[   36.975154] ledtrig-cpu: registered to indicate activity on CPUs
[   37.116082] NET: Registered protocol family 10
[   37.203387] NET: Registered protocol family 17
[   37.211242] Key type dns_resolver registered
[   37.302013] microcode: CPU0 sig=0x306a9, pf=0x2, revision=0x19
[   37.399712] microcode: CPU1 sig=0x306a9, pf=0x2, revision=0x19
[   37.525224] microcode: Microcode Update Driver: v2.01 <tigran@aivazian.fsnet.co.uk>, Peter Oruba
[   37.693331] registered taskstats version 1
[   37.783573] oangomle-in X50 cticas  8.83] oaded X.509 cert 'Build time autogenerated kernel key: d76179dc6bbadd817ec29258d181eadabda602cb'
[   38.477145] zswap: loaded using pool lzo/zbud
[   38.517021] Key type trusted registered
[   38.555528] Key type encrypted registered
[   38.639060] AppArmor: AppArmor sha1 policy hashing enabled
[   38.673853] ima: No TPM chip found, activating TPM-bypass!
[   38.807111] evm: HMAC attrs: 0x1
[   38.879694]   Magic number: 8:212:733
[   38.919042] rtc_cmos rtc_cmos: setting system clock to 2016-11-03 12:43:57 UTC (1478177037)
[   39.064795] BIOS EDD facility v0.16 2004-Jun-25, 0 devices found
[   39.119311] EDD information not available.
[   39.136227] Freeing unused kernel memory: 1480K (ffffffff81f42000 - ffffffff820b4000)
[   39.155713] Write protecting the kernel read-only data: 14336k
[   39.168014] Freeing unused kernel memory: 1820K (ffff880001839000 - ffff880001a00000)
[   39.236192] Freeing unused kernel memory: 152K (ffff880001dda000 - ffff880001e00000)
Loading, please wait...
[   39.418571] random: systemd-udevd: uninitialized urandom read (16 bytes read, 4 bits of entropy available)
starting version[   39.419749] random: udevadm: uninitialized urandom read (16 bytes read, 4 bits of entropy available)
 229
[   39.419789] random: udevadm: uninitialized urandom read (16 bytes read, 4 bits of entropy available)
[   39.419922] random: udevadm: uninitialized urandom read (16 bytes read, 4 bits of entropy available)
[   39.419976] random: udevadm: uninitialized urandom read (16 bytes read, 4 bits of entropy available)
[   39.420026] random: udevadm: uninitialized urandom read (16 bytes read, 4 bits of entropy available)
[   39.420075] random: udevadm: uninitialized urandom read (16 bytes read, 4 bits of entropy available)
[   39.420128] random: udevadm: uninitialized urandom read (16 bytes read, 4 bits of entropy available)
[   39.420178] random: udevadm: uninitialized urandom read (16 bytes read, 4 bits of entropy available)
[   39.420226] random: udevadm: uninitialized urandom read (16 bytes read, 4 bits of entropy available)
[   40.843803] e1000: Intel(R) PRO/1000 Network Driver - version 7.3.21-k8-NAPI
[   40.948036] e1000: Copyright (c) 1999-2006 Intel Corporation.
[   41.129470] Fusion MPT base driver 3.04.20
[   41.264502] Copyright (c) 1999-2008 LSI Corporation
[   41.271022] Fusion MPT SPI Host driver 3.04.20
[   41.330813] AVX version of gcm_enc/dec engaged.
[   41.344461] AES CTR mode by8 optimization enabled
[   41.571630] input: ImExPS/2 Generic Explorer Mouse as /devices/platform/i8042/serio1/input/input4
[   41.819001] e1000 0000:00:03.0 eth0: (PCI:33MHz:32-bit) 02:c5:fd:32:ab:30
[   41.856824] e1000 0000:00:03.0 eth0: Intel(R) PRO/1000 Network Connection
[   41.895336] mptbase: ioc0: Initiating bringup
[   41.987293] ioc0: LSI53C1030 A0: Capabilities={Initiator}
[   42.329818] scsi host2: ioc0: LSI53C1030 A0, FwRev=00000000h, Ports=1, MaxQ=256, IRQ=20
[   42.503620] scsi 2:0:0:0: Direct-Access     VBOX     HARDDISK         1.0  PQ: 0 ANSI: 5
[   42.742927] scsi target2:0:0: Beginning Domain Validation
[   42.866295] e1000 0000:00:08.0 eth1: (PCI:33MHz:32-bit) 08:00:27:96:c6:64
[   42.866297] e1000 0000:00:08.0 eth1: Intel(R) PRO/1000 Network Connection
[   43.093338] e1000 0000:00:08.0 enp0s8: renamed from eth1
[   43.214085] scsi target2:0:0: Domain Validation skipping write tests
[   43.335567] scsi target2:0:0: Ending Domain Validation
[   43.452454] scsi target2:0:0: asynchronous
[   43.513104] scsi 2:0:1:0: Direct-Access     VBOX     HARDDISK         1.0  PQ: 0 ANSI: 5
[   43.575752] scsi target2:0:1: Beginning Domain Validation
[   43.576076] e1000 0000:00:03.0 enp0s3: renamed from eth0
[   43.626049] scsi target2:0:1: Domain Validation skipping write tests
[   43.744855] scsi target2:0:1: Ending Domain Validation
[   43.755461] scsi target2:0:1: asynchronous
[   43.862187] sd 2:0:0:0: Attached scsi generic sg0 type 0
[   43.933363] sd 2:0:0:0: [sda] 20971520 512-byte logical blocks: (10.7 GB/10.0 GiB)
[   44.258358] sd 2:0:1:0: Attached scsi generic sg1 type 0
[   44.363396] sd 2:0:1:0: [sdb] 20480 512-byte logical blocks: (10.5 MB/10.0 MiB)
[   44.363496] floppy0: no floppy controllers found
[   44.363551] work still pending
[   44.363607] sd 2:0:0:0: [sda] Write Protect is off
[   44.363884] sd 2:0:0:0: [sda] Incomplete mode parameter data
[   44.363886] sd 2:0:0:0: [sda] Assuming drive cache: write through
[   44.642396]  sda: sda1
[   44.643546] sd 2:0:0:0: [sda] Attached SCSI disk
[   45.200454] sd 2:0:1:0: [sdb] Write Protect is off
[   45.275661] sd 2:0:1:0: [sdb] Incomplete mode parameter data
[   45.331742] sd 2:0:1:0: [sdb] Assuming drive cache: write through
[   45.396020] sd 2:0:1:0: [sdb] Attached SCSI disk
Begin: Loading e[   46.820813] md: linear personality registered for level -1
ssential drivers[   46.895998] md: multipath personality registered for level -4
 ... [   46.931361] md: raid0 personality registered for level 0
[   46.952046] md: raid1 personality registered for level 1
[   47.326352] raid6: sse2x1   gen()  8884 MB/s
[   47.462364] raid6: sse2x1   xor()  7123 MB/s
[   47.570709] raid6: sse2x2   gen() 11140 MB/s
[   47.654215] raid6: sse2x2   xor()  7328 MB/s
[   47.730429] raid6: sse2x4   gen() 12836 MB/s
[   47.814410] raid6: sse2x4   xor()  9293 MB/s
[   47.892531] raid6: using algorithm sse2x4 gen() 12836 MB/s
[   47.986804] raid6: .... xor() 9293 MB/s, rmw enabled
[   48.030984] raid6: using ssse3x2 recovery algorithm
[   48.057556] xor: automatically using best checksumming function:
[   48.244975]    avx       : 46210.000 MB/sec
[   48.317208] async_tx: api initialized (async)
[   48.362407] md: raid6 personality registered for level 6
[   48.488334] md: raid5 personality registered for level 5
[   48.575438] md: raid4 personality registered for level 4
[   48.710117] md: raid10 personality registered for level 10
done.
Begin: Running /scripts/init-premount ... done.
Begin: Mounting root file system ... Begin: Running /scripts/local-top ... done.
Begin: Running /scripts/local-premount[   48.759004] Btrfs loaded
 ... Scanning for Btrfs filesystems
done.
Warning: fsck not present, so skipping root file system
[   48.904049] EXT4-fs (sda1): mounted filesystem with ordered data mode. Opts: (null)
done.
Begin: Running /scripts/local-bottom ... done.
Begin: Running /scripts/init-bottom ... Warning: overlayroot: debug is busted
done.
[   49.440786] systemd[1]: systemd 229 running in system mode. (+PAM +AUDIT +SELINUX +IMA +APPARMOR +SMACK +SYSVINIT +UTMP +LIBCRYPTSETUP +GCRYPT +GNUTLS +ACL +XZ -LZ4 +SECCOMP +BLKID +ELFUTILS +KMOD -IDN)
[   50.065975] systemd[1]: Detected virtualization oracle.
[   50.196948] systemd[1]: Detected architecture x86-64.

Welcome to [1mUbuntu 16.04.1 LTS[0m!

[   50.270909] systemd[1]: Set hostname to <ubuntu>.
[   50.329601] systemd[1]: Initializing machine ID from random generator.
[   50.397903] systemd[1]: Installed transient /etc/machine-id file.
[   51.072765] systemd[1]: Created slice User and Session Slice.
[[0;32m  OK  [0m] Created slice User and Session Slice.
[   51.242801] systemd[1]: Listening on Journal Socket.
[[0;32m  OK  [0m] Listening on Journal Socket.
[   51.362776] systemd[1]: Listening on Journal Audit Socket.
[[0;32m  OK  [0m] Listening on Journal Audit Socket.
[   51.394939] systemd[1]: Listening on /dev/initctl Compatibility Named Pipe.
[[0;32m  OK  [0m] Listening on /dev/initctl Compatibility Named Pipe.
[   51.526836] systemd[1]: Listening on udev Kernel Socket.
[[0;32m  OK  [0m] Listening on udev Kernel Socket.
[   51.703178] systemd[1]: Listening on LVM2 poll daemon socket.
[[0;32m  OK  [0m] Listening on LVM2 poll daemon socket.
[   51.938833] systemd[1]: Reached target Swap.
[[0;32m  OK  [0m] Reached target Swap.
[   52.126939] systemd[1]: Created slice System Slice.
[[0;32m  OK  [0m] Created slice System Slice.
[   52.316471] systemd[1]: Reached target Slices.
[[0;32m  OK  [0m] Reached target Slices.
[   52.462432] systemd[1]: Mounting Debug File System...
         Mounting Debug File System...
[   52.526990] systemd[1]: Mounting Huge Pages File System...
         Mounting Huge Pages File System...
[   52.679163] systemd[1]: Starting Uncomplicated firewall...
         Starting Uncomplicated firewall...
[   52.798786] systemd[1]: Starting Remount Root and Kernel File Systems...
[   52.804090] EXT4-fs (sda1): re-mounted. Opts: (null)
         Starting Remount Root and Kernel File Systems...
[   53.110969] systemd[1]: Mounting POSIX Message Queue File System...
         Mounting POSIX Message Queue File System...
[   53.247040] systemd[1]: Created slice system-serial\x2dgetty.slice.
[[0;32m  OK  [0m] Created slice system-serial\x2dgetty.slice.
[   53.525809] systemd[1]: Reached target User and Group Name Lookups.
[[0;32m  OK  [0m] Reached target User and Group Name Lookups.
[   53.594473] systemd[1]: Starting Create list of required static device nodes for the current kernel...
[   53.595138] random: nonblocking pool is initialized
         Starting Create list of required st... nodes for the current kernel...
[   53.855736] systemd[1]: Set up automount Arbitrary Executable File Formats File System Automount Point.
[[0;32m  OK  [0m] Set up automount Arbitrary Executab...ats File System Automount Point.
[   54.130683] systemd[1]: Starting Nameserver information manager...
         Starting Nameserver information manager...
[   54.435271] systemd[1]: Listening on Device-mapper event daemon FIFOs.
[[0;32m  OK  [0m] Listening on Device-mapper event daemon FIFOs.
[   54.639379] systemd[1]: Listening on Syslog Socket.
[[0;32m  OK  [0m] Listening on Syslog Socket.
[   54.711683] systemd[1]: Listening on Journal Socket (/dev/log).
[[0;32m  OK  [0m] Listening on Journal Socket (/dev/log).
[   54.775101] systemd[1]: Starting Journal Service...
         Starting Journal Service...
[   54.862876] systemd[1]: Listening on udev Control Socket.
[[0;32m  OK  [0m] Listening on udev Control Socket.
[   54.950948] systemd[1]: Starting Load Kernel Modules...
         Starting Load Kernel Mo[   54.970810] Loading iSCSI transport class v2.0-870.
dules...
[   54.977477] systemd[1]: Reached target Encrypted Volumes.
[[0;32m  OK  [0m] Reached targ[   54.993245] iscsi: registered transport (tcp)
et Encrypted Volumes.
[   55.086652] systemd[1]: Starting Set console keymap...
         Starting Set console keymap...
[   55.170605] systemd[1]: Listening on LVM2 metadata daemon socket.
[[0;32m  OK  [0m] Listening on[   55.205077] iscsi: registered transport (iser)
 LVM2 metadata daemon socket.
[   55.306973] systemd[1]: Starting Monitoring of LVM2 mirrors, snapshots etc. using dmeventd or progress polling...
         Starting Monitoring of LVM2 mirrors... dmeventd or progress polling...
[   55.394779] systemd[1]: Started Forward Password Requests to Wall Directory Watch.
[[0;32m  OK  [0m] Started Forward Password Requests to Wall Directory Watch.
[   5.9121syem[1]: Mountd Huge Pages FileSytem
[[0;32m  OK  [0m] Mounted Huge Pages File System.
[  55.9116]ysemd[]:ountedDeg leSyem

[[0;32m  OK  [0m] Mounted Debug File System.
[  56.4233syem1]MontedOSIX Msa Que Fi Ste.
[[0;32m  OK  [0m] Mounted POSIX Message Queue File System.
[  5.181 sste[1 Staedoualerce
[[0;32m  OK  [0m] Started Journal Service.
[[0;32m  OK  [0m] Started Uncomplicated firewall.
[[0;32m  OK  [0m] Started Remount Root and Kernel File Systems.
[[0;32m  OK  [0m] Started Create list of required sta...ce nodes for the current kernel.
[[0;32m  OK  [0m] Started Load Kernel Modules.
[[0;32m  OK  [0m] Started Set console keymap.
[[0;32m  OK  [0m] Started Nameserver information manager.
[[0;32m  OK  [0m] Started LVM2 metadata daemon.
         Mounting FUSE Control File System...
         Starting Apply Kernel Variables...
         Starting Create Static Device Nodes in /dev...
         Starting Load/Save Random Seed...
         Starting udev Coldplug all Devices...
         Starting Flush Journal to Persistent Storage...
[[0;32m  OK  [0m] Mounted FUSE Control File System.
[[0;32m  OK  [0m] Started Apply Kernel Variables.
[[0;32m  OK  [0m] Started Create Static Device Nodes in /dev.
[[0;32m  OK  [0m] Started Monitoring of LVM2 mirrors,...ng dmeventd or progress polling.
[[0;32m  OK  [0m] Started Load/Save Random Seed.
[[0;32m  OK  [0m] Started udev Coldplug all Devices.
[[0;32m  OK  [0m] Started Flush Journal to Persistent Storage.
         Starting udev Kernel Device Manager...
[[0;32m  OK  [0m] Started udev Kernel Device Manager.
[[0;32m  OK  [0m] Started Dispatch Password Requests to Console Directory Watch.
[[0;32m  OK  [0m] Reached target Local File Systems (Pre).
[[0;32m  OK  [0m] Reached target Local File Systems.
         Starting LSB: AppArmor initialization...
         Starting Initial cloud-init job (pre-networking)...
         Starting Set console font and keymap...
         Starting Create Volatile Files and Directories...
         Starting Tell Plymouth To Write Out Runtime Data...
         Starting Run snappy firstboot setup...
         Starting Commit a transient machine-id on disk...
[[0;32m  OK  [0m] Started Create Volatile Files and Directories.
[[0;32m  OK  [0m] Started Tell Plymouth To Write Out Runtime Data.
[[0;32m  OK  [0m] Started Run snappy firstboot setup.
[[0;32m  OK  [0m] Started Commit a transient machine-id on disk.
[[0;32m  OK  [0m] Found device /dev/ttyS0.
[[0;32m  OK  [0m] Listening on Load/Save RF Kill Switch Status /dev/rfkill Watch.
[[0;32m  OK  [0m] Reached target System Time Synchronized.
         Starting Update UTMP about System Boot/Shutdown...
[[0;32m  OK  [0m] Started Set console font and keymap.
[[0;32m  OK  [0m] Started Update UTMP about System Boot/Shutdown.
[[0;32m  OK  [0m] Created slice system-getty.slice.
[[0;32m  OK  [0m] Started LSB: AppArmor initialization.
[[0;32m  OK  [0m] Reached target System Initialization.
[[0;32m  OK  [0m] Listening on D-Bus System Message Bus Socket.
         Starting Socket activation for snappy daemon.
         Starting LXD - unix socket.
[[0;32m  OK  [0m] Started Trigger resolvconf update for networkd DNS.
[[0;32m  OK  [0m] Started Timer to automatically refresh installed snaps.
[[0;32m  OK  [0m] Started Daily apt activities.
[[0;32m  OK  [0m] Listening on ACPID Listen Socket.
[[0;32m  OK  [0m] Listening on UUID daemon activation socket.
[   38.334687] cloud-init[514]: Cloud-init v. 0.7.8 running 'init-local' at Thu, 03 Nov 2016 12:44:19 +0000. Up 38.00 seconds.
[[0;32m  OK  [0m] Started ACPI Events Check.
[[0;32m  OK  [0m] Reached target Paths.
[[0;32m  OK  [0m] Started Daily Cleanup of Temporary Directories.
[[0;32m  OK  [0m] Reached target Timers.
[[0;32m  OK  [0m] Listening on Socket activation for snappy daemon.
[[0;32m  OK  [0m] Listening on LXD - unix socket.
[[0;32m  OK  [0m] Started Initial cloud-init job (pre-networking).
[[0;32m  OK  [0m] Reached target Network (Pre).
         Starting Raise network interfaces...
[[0;32m  OK  [0m] Reached target Sockets.
[[0;32m  OK  [0m] Reached target Basic System.
[[0;32m  OK  [0m] Started Regular background program processing daemon.
[[0;32m  OK  [0m] Started FUSE filesystem for LXC.
         Starting LSB: Record successful boot for GRUB...
[[0;32m  OK  [0m] Started Deferred execution scheduler.
[[0;32m  OK  [0m] Started D-Bus System Message Bus.
         Starting System Logging Service...
         Starting LXD - container startup/shutdown...
         Starting Accounts Service...
[[0;32m  OK  [0m] Started ACPI event daemon.
         Starting LSB: MD monitoring daemon...
[[0;32m  OK  [0m] Started Snappy daemon.
         Starting Login Service...
[[0;32m  OK  [0m] Started System Logging Service.
[[0;32m  OK  [0m] Started Login Service.
[[0;32m  OK  [0m] Started LSB: Record successful boot for GRUB.
[[0;32m  OK  [0m] Started LSB: MD monitoring daemon.
         Starting Authenticate and Authorize Users to Run Privileged Tasks...
[[0;32m  OK  [0m] Started Authenticate and Authorize Users to Run Privileged Tasks.
[[0;32m  OK  [0m] Started Accounts Service.
[[0;32m  OK  [0m] Started Raise network interfaces.
         Starting Initial cloud-init job (metadata service crawler)...
[[0;32m  OK  [0m] Reached target Network.
[[0;32m  OK  [0m] Started LXD - container startup/shutdown.
[   71.809913] cloud-init[1011]: Cloud-init v. 0.7.8 running 'init' at Thu, 03 Nov 2016 12:44:21 +0000. Up 40.31 seconds.
[   71.868810] [cloud-init[0;32m  OK  [0m[1011]: ] ci-info: ++++++++++++++++++++++++++++++++++++++Net device info++++++++++++++++++++++++++++++++++++++Started Initial cloud-init job (metadata service crawler).

[   71.869442] cloud-init[1011]: ci-info: +--------+-------+----------------------------+---------------+-------+-------------------+
[   72.052424] [cloud-init[0;32m  OK  [0m[1011]: ] ci-info: | Device |   Up  |          Address           |      Mask     | Scope |     Hw-Address    |Reached target Cloud-config availability.

[   72.053149] [cloud-init[0;32m  OK  [0m[1011]: ] ci-info: +--------+-------+----------------------------+---------------+-------+-------------------+Reached target Network is Online.

[   72.133793] cloud-init[1011]: ci-info: | enp0s3 |  True |         10.0.2.15          | 255.255.255.0 |   .   | 02:c5:fd:32:ab:30 |
[   72.305004]          cloud-initStarting /etc/rc.local Compatibility...[1011]: 
ci-info: | enp0s3 |  True | fe80::c5:fdff:fe32:ab30/64 |       .       |  link | 02:c5:fd:32:ab:30 |
[   72.388672]          cloud-initStarting Apply the settings specified in cloud-config...[1011]: 
ci-info: | enp0s8 | False |             .              |       .       |   .   | 08:00:27:96:c6:64 |
[   72.468558]          cloud-initStarting Pollinate to seed the pseudo random number generator...[1011]: 
ci-info: |   lo   |  True |         127.0.0.1          |   255.0.0.0   |   .   |         .         |
[   72.544616]          cloud-initStarting iSCSI initiator daemon (iscsid)...[1011]: 
ci-info: |   lo   |  True |          ::1/128           |       .       |  host |         .         |
[[0;32m  OK  [0m] Started /etc/rc.local Compatibility.
[   72.651028] cloud-init[1011]: ci-info: +--------+-------+----------------------------+---------------+-------+-------------------+
[[0;32m  OK  [0m] Started iSCSI initiator daemon (iscsid).
[   72.751047] cloud-init[1011]: ci-info: +++++++++++++++++++++++++++Route IPv4 info++++++++++++++++++++++++++++
         Starting Login to default iSCSI targets...
[   72.827561] cloud-init[1011]: ci-info: +-------+-------------+----------+---------------+-----------+-------+
[   72.900393] [cloud-init[0;32m  OK  [0m[1011]: ] ci-info: | Route | Destination | Gateway  |    Genmask    | Interface | Flags |Started Login to default iSCSI targets.

[   72.900894] cloud-init[1011]: ci-info: +-------+-------------+----------+---------------+-----------+-------+
[   73.013682] [cloud-init[0;32m  OK  [0m[1011]: ] ci-info: |   0   |   0.0.0.0   | 10.0.2.2 |    0.0.0.0    |   enp0s3  |   UG  |Reached target Remote File Systems (Pre).

[[0;32m  OK  [0m] Reached target Remote File Systems.
[   73.055743] cloud-init[1011]: ci-info: |   1   |   10.0.2.0  | 0.0.0.0  | 255.255.255.0 |   enp0s3  |   U   |
[   73.116645]          cloud-initStarting Permit User Sessions...[1011]: 
ci-info: +-------+-------------+----------+---------------+-----------+-------+
[   73.224682]          cloud-initStarting LSB: Set the CPU Frequency Scaling governor to "ondemand"...[1011]: 
Generating public/private rsa key pair.
[   73.255223]          cloud-initStarting LSB: VirtualBox Linux Additions...[1011]: 
Your identification has been saved in /etc/ssh/ssh_host_rsa_key.
[   73.322212]          cloud-initStarting LSB: automatic crash report generation...[1011]: 
Your public key has been saved in /etc/ssh/ssh_host_rsa_key.pub.
         Starting LSB: daemon to balance interrupts for SMP systems...
[[0;32m  OK  [0m] Started Permit User Sessions.
[   73.390488] cloud-init[1011]: The key fingerprint is:
[   73.480607] cloud-init[1011]: SHA256:8oR1n+iURfN5lDKzvWQSqxaaj5S0gw4ZD3VHyzYECeA root@ubuntu-xenial
[   73.528482] [[0;32m  OK  [0m] Started LSB: Set the CPU Frequency Scaling governor to "ondemand".
cloud-init[1011]: The key's randomart image is:
[[0;32m  OK  [0m] Started Pollinate to seed the pseudo random number generator.
[   73.601081] cloud-init[1011]: +---[RSA 2048]----+
[   73.667427] cloud-init[1011]: |     .....+oo   o|
         Starting OpenBSD Secure Shell server...
[   73.667825] cloud-init[1011]: |    .  . ooo.B + |
[   73.716535] cloud-init[1011]: |     E. o o=. @ .|
         Starting Terminate Plymouth Boot Screen...
[   73.717147] cloud-init[1011]: |     o o o.*.= = |
[   73.756507] cloud-init[1011]: |      B S O = + .|
         Starting Hold until boot process finishes up...
[   73.756978] cloud-init[1011]: |     o * X o   . |
[   73.820793] cloud-init[1011]: |      o o *      |
[   73.821262] cloud-init[1011]: |       . . .     |
[[0;32m  OK  [0m] Started OpenBSD Secure Shell server.
[   73.821568] cloud-init[1011]: |                 |
[   73.928520] cloud-init[1011]: +----[SHA256]-----+
[   73.928997] cloud-init[1011]: Generating public/private dsa key pair.
[[0;32m  OK  [0m] Started LSB: VirtualBox Linux Additions.
[   73.929309] cloud-init[1011]: Your identification has been saved in /etc/ssh/ssh_host_dsa_key.
[[   74.062198] cloud-init[1011]: Your public key has been saved in /etc/ssh/ssh_host_dsa_key.pub.
[   74.063168] cloud-init[1011]: The key fingerprint is:
[   74.063483] cloud-init[1011]: SHA256:/wrABFrSNoOpEkCizoKP8OsfRK1uxhB/jf7Q/WAlYQU root@ubuntu-xenial
[0;32m  OK  [0m] Started LSB: automatic crash report generation.
[   74.063604] cloud-init[1011]: The key's randomart image is:
[[0;32m  OK  [0m] Started LSB: daemon to balance interrupts for SMP systems.
[[0;32m  OK  [0m] Started Terminate Plymouth Boot Screen.
[   74.193287] cloud-init[1011]: +---[DSA 1024]----+
[   74.320467] [cloud-init[0;32m  OK  [0m[1011]: ] |=..+o     E..    |Started Hold until boot process finishes up.

[   74.321287] cloud-init[1011]: |+ o+=o     .     |
[[0;32m  OK  [0m] Started Serial Getty on ttyS0.
[   74.416679] cloud-init[1011]: |.oo..oo   o      |
[[0;32m  OK  [0m] Started Getty on tty1.
[[0;32m  OK  [0m] Reached target Login Prompts.
[   74.479094] cloud-init[1011]: |*  + + o . .     |
[   74.560604]          cloud-initStarting Set console scheme...[1011]: 
|=o. + = S . .    |
[   74.632625] [cloud-init[0;32m  OK  [0m[1011]: ] |o+ = o o o o     |Reached target Multi-User System.

[   74.680607]          cloud-initStarting Notify bootloader that boot was successful...[1011]: 
|. o * o o =      |
[   74.681167] [cloud-init[0;32m  OK  [0m[1011]: ] |   + . o o +     |Reached target Graphical Interface.

[   74.816587]          cloud-initStarting Update UTMP about System Runlevel Changes...[1011]: 
| .o..   . ..o    |
[   74.856915] [cloud-init[0;32m  OK  [0m[1011]: ] +----[SHA256]-----+Started Set console scheme.

[   74.892466] [cloud-init[0;32m  OK  [0m[1011]: ] Generating public/private ecdsa key pair.Started Notify bootloader that boot was successful.

[   74.893329] cloud-init[1011]: Your identification has been saved in /etc/ssh/ssh_host_ecdsa_key.
[[0;32m  OK  [0m] Started Update UTMP about System Runlevel Changes.
[   75.004779] cloud-init[1011]: Your public key has been saved in /etc/ssh/ssh_host_ecdsa_key.pub.
[   75.124448]          Stopping OpenBSD Secure Shell server...
cloud-init[1011]: The key fingerprint is:
[   75.192582] [cloud-init[0;32m  OK  [0m[1011]: ] SHA256:J+al1Atj9D7bIgAaHz9d8mYVsL2VWS/qDG001h31/pU root@ubuntu-xenialStopped OpenBSD Secure Shell server.

[   75.260700]          cloud-initStarting OpenBSD Secure Shell server...[1011]: 
The key's randomart image is:
[   75.261658] [[0;32m  OK  [0m] Started OpenBSD Secure Shell server.
cloud-init[1011]: +---[ECDSA 256]---+
[   75.316683] cloud-init[1011]: |          ..   .+|
[   75.328301] cloud-init[1011]: |           o.. =+|
[   75.352512] cloud-init[1011]: |        . . =.* +|
[   75.404901] [cloud-init[0;32m  OK  [0m[1011]: ] |  . o  ..o.+.= o.|Created slice User Slice of ubuntu.

[   75.476320]          cloud-initStarting User Manager for UID 1000...[1011]: 
|   + + .S+*.=  Eo|
[   75.534810] [cloud-init[0;32m  OK  [0m[1011]: ] |  . . +=.O+*    o|Started User Manager for UID 1000.

[   75.535319] cloud-init[1011]: |       ooo+ o   .|
[   75.652617] [cloud-init[0;32m  OK  [0m[1011]: ] |        . .+     |Started Session 1 of user ubuntu.

[   75.653106] cloud-init[1011]: |         ....    |
[   75.752624] cloud-init[1011]: +----[SHA256]-----+
[   75.797748] cloud-init[1011]: Generating public/private ed25519 key pair.
[   75.808319] cloud-init[1011]: Your identification has been saved in /etc/ssh/ssh_host_ed25519_key.
[   75.908314] cloud-init[1011]: Your public key has been saved in /etc/ssh/ssh_host_ed25519_key.pub.
[   75.940371] cloud-init[1011]: The key fingerprint is:
[   75.968895] cloud-init[1011]: SHA256:XNxpcfvoFfELT8klwUdz3K8DF87C6SOLf/l4cjzuzDw root@ubuntu-xenial
[   75.969175] cloud-init[1011]: The key's randomart image is:
[[0;32m  OK  [0m] Started Apply the settings specified in cloud-config.
[   75.969333] cloud-init[1011]: +--[ED25519 256]--+
[   76.076507] cloud-init[1011]: |            ..+*=|
         Starting Execute cloud user/final scripts...
[   76.077566] cloud-init[1011]: |         . . ++o@|
[   76.118840] cloud-init[1011]: |          o.+=.Bo|
[   76.140495] cloud-init[1011]: |       . . .= Bo+|
[   76.161797] cloud-init[1011]: |        S  . +.+o|
[   76.196426] cloud-init[1011]: |          . o.o. |
[   76.224520] cloud-init[1011]: |         . o +.. |
[   76.252648] cloud-init[1011]: |        . . +=E  |
[   76.284418] cloud-init[1011]: |         ....BBo |
[   76.324404] cloud-init[1011]: +----[SHA256]-----+
[   76.331349] cloud-init[1102]: Generating locales (this might take a while)...
[   76.372355] cloud-init[1102]:   en_US.UTF-8... done
[   76.400650] cloud-init[1102]: Generation complete.
[   76.412406] cloud-init[1102]: Cloud-init v. 0.7.8 running 'modules:config' at Thu, 03 Nov 2016 12:44:54 +0000. Up 72.76 seconds.
ci-info: no authorized ssh keys fingerprints found for user ubuntu.
<14>Nov  3 12:44:58 ec2: 
<14>Nov  3 12:44:58 ec2: #############################################################
<14>Nov  3 12:44:58 ec2: -----BEGIN SSH HOST KEY FINGERPRINTS-----
<14>Nov  3 12:44:58 ec2: 1024 SHA256:/wrABFrSNoOpEkCizoKP8OsfRK1uxhB/jf7Q/WAlYQU root@ubuntu-xenial (DSA)
<14>Nov  3 12:44:58 ec2: 256 SHA256:J+al1Atj9D7bIgAaHz9d8mYVsL2VWS/qDG001h31/pU root@ubuntu-xenial (ECDSA)
<14>Nov  3 12:44:58 ec2: 256 SHA256:XNxpcfvoFfELT8klwUdz3K8DF87C6SOLf/l4cjzuzDw root@ubuntu-xenial (ED25519)
<14>Nov  3 12:44:58 ec2: 2048 SHA256:8oR1n+iURfN5lDKzvWQSqxaaj5S0gw4ZD3VHyzYECeA root@ubuntu-xenial (RSA)
<14>Nov  3 12:44:58 ec2: -----END SSH HOST KEY FINGERPRINTS-----
<14>Nov  3 12:44:58 ec2: #############################################################
-----BEGIN SSH HOST KEY KEYS-----
ecdsa-sha2-nistp256 AAAAE2VjZHNhLXNoYTItbmlzdHAyNTYAAAAIbmlzdHAyNTYAAABBBPBa1dd8Y5bM5PRt92nr4L4P4BiMrdJ3DSu085WRKI9ajnWXsTKftMCtT/mFrbnmRb2+P/JqTphf8a/Jmx6Pez4= root@ubuntu-xenial
ssh-ed25519 AAAAC3NzaC1lZDI1NTE5AAAAICVNFFz32GuJVw+64ShKTy75PvAOCrOBvq4Bnz9vm7Tz root@ubuntu-xenial
ssh-rsa AAAAB3NzaC1yc2EAAAADAQABAAABAQDtnLkUBrKmDNJI2OBDvkpbhG1RvE4hCeD2QxM428R/oh4t4WgSaDR/wxD8ws3J6yLYtXD1q5F5CsTST3pIaqJboqbDtAfrXdNa9q0//49BdAwBUCdkcDvcuND5sOiQK3UjDz2XEhYbr1nEx4opJDNJ/WI9hBvgLoaxorxaUyJnrIDYlcAy82yk63lHwqQuL0OgNadeh8EJnEu+epUEFOFtIKhci4gKPD81RI3ngKCCwv/Rk/UumlpkNhI6VLhJQDHnCZljx8ALVEHFExv1FFi1bXilY6A5HJ9C+q5ahOcq0nBmCg7Wo+j/Qzs0ShpC+pdCwtgfPhjDgRfpTQenCw9v root@ubuntu-xenial
-----END SSH HOST KEY KEYS-----
[[0;32m  OK  [0m] Started Session 2 of user ubuntu.
[   77.398307] cloud-init[1384]: Cloud-init v. 0.7.8 running 'modules:final' at Thu, 03 Nov 2016 12:44:57 +0000. Up 76.47 seconds.
[   77.460491] [cloud-init[0;32m  OK  [0m[1384]: ] ci-info: no authorized ssh keys fingerprints found for user ubuntu.Started Execute cloud user/final scripts.

[   77.460901] cloud-init[1384]: Cloud-init v. 0.7.8 finished at Thu, 03 Nov 2016 12:44:58 +0000. Datasource DataSourceNoCloud [seed=/dev/sdb][dsmode=net].  Up 77.37 seconds
[[0;32m  OK  [0m] Reached target Cloud-init target.

Ubuntu 16.04.1 LTS ubuntu-xenial ttyS0

ubuntu-xenial login: 